******************************************************************************
                  TI ARM Linker PC v15.9.0                     
******************************************************************************
>> Linked Wed Nov 11 13:25:12 2015

OUTPUT FILE NAME:   <INZ_UART3_bluetooth_demo.out>
ENTRY POINT SYMBOL: "_c_int00"  address: 00000911


MEMORY CONFIGURATION

         name            origin    length      used     unused   attr    fill
----------------------  --------  ---------  --------  --------  ----  --------
  FLASH                 00000000   00040000  00000d92  0003f26e  R  X
  SRAM                  20000000   00008000  00000220  00007de0  RW X


SEGMENT ALLOCATION MAP

run origin  load origin   length   init length attrs members
----------  ----------- ---------- ----------- ----- -------
00000000    00000000    00000d98   00000d98    r-x
  00000000    00000000    0000026c   0000026c    r-- .intvecs
  0000026c    0000026c    00000982   00000982    r-x .text
  00000bf0    00000bf0    0000016c   0000016c    r-- .const
  00000d60    00000d60    00000038   00000038    r-- .cinit
20000000    20000000    00000220   00000000    rw-
  20000000    20000000    00000200   00000000    rw- .stack
  20000200    20000200    0000001c   00000000    rw- .data
  2000021c    2000021c    00000004   00000000    rw- .bss


SECTION ALLOCATION MAP

 output                                  attributes/
section   page    origin      length       input sections
--------  ----  ----------  ----------   ----------------
.intvecs   0    00000000    0000026c     
                  00000000    0000026c     tm4c123gh6pm_startup_ccs.obj (.intvecs)

.text      0    0000026c    00000982     
                  0000026c    00000130     driverlib.lib : gpio.obj (.text:GPIOPadConfigSet)
                  0000039c    0000010c                   : sysctl.obj (.text:SysCtlClockGet)
                  000004a8    000000f0                   : sysctl.obj (.text:SysCtlClockSet)
                  00000598    000000c0     UART3_messages_control.obj (.text)
                  00000658    0000009c     rtsv7M4_T_le_v4SPD16_eabi.lib : memcpy_t2.obj (.text)
                  000006f4    0000007a                                   : memset_t2.obj (.text)
                  0000076e    00000002     --HOLE-- [fill = 0]
                  00000770    0000006c                                   : autoinit.obj (.text)
                  000007dc    0000006a                                   : copy_decompress_rle.obj (.text)
                  00000846    00000002     --HOLE-- [fill = 0]
                  00000848    00000068     driverlib.lib : interrupt.obj (.text:IntEnable)
                  000008b0    00000060     UART3_conf.obj (.text)
                  00000910    00000050     rtsv7M4_T_le_v4SPD16_eabi.lib : boot.obj (.text)
                  00000960    0000004c                                   : cpy_tbl.obj (.text)
                  000009ac    00000048     driverlib.lib : gpio.obj (.text:GPIOPinConfigure)
                  000009f4    00000044     rtsv7M4_T_le_v4SPD16_eabi.lib : exit.obj (.text)
                  00000a38    00000042     driverlib.lib : uart.obj (.text:UARTConfigSetExpClk)
                  00000a7a    00000002     --HOLE-- [fill = 0]
                  00000a7c    00000034                   : sysctl.obj (.text:SysCtlPeripheralEnable)
                  00000ab0    0000002a                   : gpio.obj (.text:GPIODirModeSet)
                  00000ada    00000002     --HOLE-- [fill = 0]
                  00000adc    0000001c                   : uart.obj (.text:UARTDisable)
                  00000af8    00000018     rtsv7M4_T_le_v4SPD16_eabi.lib : args_main.obj (.text)
                  00000b10    00000014     driverlib.lib : uart.obj (.text:UARTEnable)
                  00000b24    00000014     main.obj (.text)
                  00000b38    00000014     rtsv7M4_T_le_v4SPD16_eabi.lib : _lock.obj (.text)
                  00000b4c    00000012     driverlib.lib : gpio.obj (.text:GPIOPinTypeUART)
                  00000b5e    00000010                   : interrupt.obj (.text:IntMasterEnable)
                  00000b6e    0000000e                   : uart.obj (.text:UARTCharGetNonBlocking)
                  00000b7c    0000000e                   : uart.obj (.text:UARTCharPutNonBlocking)
                  00000b8a    0000000e     rtsv7M4_T_le_v4SPD16_eabi.lib : copy_decompress_none.obj (.text:decompress:none)
                  00000b98    0000000c     driverlib.lib : cpu.obj (.text:CPUcpsie)
                  00000ba4    0000000c                   : uart.obj (.text:UARTCharsAvail)
                  00000bb0    0000000c     rtsv7M4_T_le_v4SPD16_eabi.lib : copy_zero_init.obj (.text:decompress:ZI)
                  00000bbc    0000000c     tm4c123gh6pm_startup_ccs.obj (.text)
                  00000bc8    0000000a     driverlib.lib : uart.obj (.text:UARTIntStatus)
                  00000bd2    00000008                   : uart.obj (.text:UARTIntEnable)
                  00000bda    00000006                   : sysctl.obj (.text:SysCtlDelay)
                  00000be0    00000006     rtsv7M4_T_le_v4SPD16_eabi.lib : copy_decompress_rle.obj (.text:decompress:rle24)
                  00000be6    00000004     driverlib.lib : uart.obj (.text:UARTIntClear)
                  00000bea    00000004     rtsv7M4_T_le_v4SPD16_eabi.lib : pre_init.obj (.text)

.const     0    00000bf0    0000016c     
                  00000bf0    00000090     driverlib.lib : gpio.obj (.const:g_pui32GPIOBaseAddrs)
                  00000c80    00000070                   : interrupt.obj (.const)
                  00000cf0    0000006c                   : sysctl.obj (.const:g_pui32Xtals)

.cinit     0    00000d60    00000038     
                  00000d60    0000000f     (.cinit..data.load) [load image, compression = rle]
                  00000d6f    00000001     --HOLE-- [fill = 0]
                  00000d70    0000000c     (__TI_handler_table)
                  00000d7c    00000004     --HOLE-- [fill = 0]
                  00000d80    00000008     (.cinit..bss.load) [load image, compression = zero_init]
                  00000d88    00000010     (__TI_cinit_table)

.init_array 
*          0    00000000    00000000     UNINITIALIZED

.stack     0    20000000    00000200     UNINITIALIZED
                  20000000    00000200     --HOLE--

.data      0    20000200    0000001c     UNINITIALIZED
                  20000200    00000008     rtsv7M4_T_le_v4SPD16_eabi.lib : _lock.obj (.data)
                  20000208    00000008                                   : exit.obj (.data)
                  20000210    00000005     UART3_messages_control.obj (.data)
                  20000215    00000003     --HOLE--
                  20000218    00000004     rtsv7M4_T_le_v4SPD16_eabi.lib : stkdepth_vars.obj (.data)

.bss       0    2000021c    00000004     UNINITIALIZED
                  2000021c    00000004     (.common:inBuffer)

.TI.persistent 
*          0    20000200    00000000     UNINITIALIZED

.TI.noinit 
*          0    2000021c    00000000     UNINITIALIZED

MODULE SUMMARY

       Module                         code   ro data   rw data
       ------                         ----   -------   -------
    .\
       tm4c123gh6pm_startup_ccs.obj   12     620       0      
       UART3_messages_control.obj     192    0         9      
       UART3_conf.obj                 96     0         0      
       main.obj                       20     0         0      
    +--+------------------------------+------+---------+---------+
       Total:                         320    620       9      
                                                              
    C:/ti/TivaWare_C_Series-2.1.1.71/driverlib/ccs/Debug/driverlib.lib
       sysctl.obj                     566    108       0      
       gpio.obj                       436    144       0      
       interrupt.obj                  120    112       0      
       uart.obj                       176    0         0      
       cpu.obj                        12     0         0      
    +--+------------------------------+------+---------+---------+
       Total:                         1310   364       0      
                                                              
    C:\ti\ccsv6\tools\compiler\ti-cgt-arm_15.9.0.STS\lib\rtsv7M4_T_le_v4SPD16_eabi.lib
       memcpy_t2.obj                  156    0         0      
       memset_t2.obj                  122    0         0      
       copy_decompress_rle.obj        112    0         0      
       autoinit.obj                   108    0         0      
       boot.obj                       80     0         0      
       cpy_tbl.obj                    76     0         0      
       exit.obj                       68     0         8      
       _lock.obj                      20     0         8      
       args_main.obj                  24     0         0      
       copy_decompress_none.obj       14     0         0      
       copy_zero_init.obj             12     0         0      
       pre_init.obj                   4      0         0      
       stkdepth_vars.obj              0      0         4      
    +--+------------------------------+------+---------+---------+
       Total:                         796    0         20     
                                                              
       Stack:                         0      0         512    
       Linker Generated:              0      51        0      
    +--+------------------------------+------+---------+---------+
       Grand Total:                   2426   1035      541    


LINKER GENERATED COPY TABLES

__TI_cinit_table @ 00000d88 records: 2, size/record: 8, table size: 16
	.data: load addr=00000d60, load size=0000000f bytes, run addr=20000200, run size=0000001c bytes, compression=rle
	.bss: load addr=00000d80, load size=00000008 bytes, run addr=2000021c, run size=00000004 bytes, compression=zero_init


LINKER GENERATED HANDLER TABLE

__TI_handler_table @ 00000d70 records: 3, size/record: 4, table size: 12
	index: 0, handler: __TI_decompress_rle24
	index: 1, handler: __TI_decompress_none
	index: 2, handler: __TI_zero_init


GLOBAL SYMBOLS: SORTED ALPHABETICALLY BY Name 

address   name                    
-------   ----                    
000009f5  C$$EXIT                 
00000b99  CPUcpsie                
00000ab1  GPIODirModeSet          
0000026d  GPIOPadConfigSet        
000009ad  GPIOPinConfigure        
00000b4d  GPIOPinTypeUART         
00000849  IntEnable               
00000b5f  IntMasterEnable         
00000bbd  ResetISR                
UNDEFED   SHT$$INIT_ARRAY$$Base   
UNDEFED   SHT$$INIT_ARRAY$$Limit  
0000039d  SysCtlClockGet          
000004a9  SysCtlClockSet          
00000bdb  SysCtlDelay             
00000a7d  SysCtlPeripheralEnable  
000008b1  UART3_Init              
00000b6f  UARTCharGetNonBlocking  
00000b7d  UARTCharPutNonBlocking  
00000ba5  UARTCharsAvail          
00000a39  UARTConfigSetExpClk     
00000add  UARTDisable             
00000b11  UARTEnable              
00000be7  UARTIntClear            
00000bd3  UARTIntEnable           
00000599  UARTIntHandler          
00000bc9  UARTIntStatus           
000005d5  WriteCharToBuffer       
20000200  __STACK_END             
00000200  __STACK_SIZE            
20000200  __STACK_TOP             
00000d88  __TI_CINIT_Base         
00000d98  __TI_CINIT_Limit        
00000d70  __TI_Handler_Table_Base 
00000d7c  __TI_Handler_Table_Limit
00000771  __TI_auto_init          
20000208  __TI_cleanup_ptr        
00000b8b  __TI_decompress_none    
00000be1  __TI_decompress_rle24   
2000020c  __TI_dtors_ptr          
00000000  __TI_static_base__      
00000bb1  __TI_zero_init          
000006f5  __aeabi_memclr          
000006f5  __aeabi_memclr4         
000006f5  __aeabi_memclr8         
00000659  __aeabi_memcpy          
00000659  __aeabi_memcpy4         
00000659  __aeabi_memcpy8         
000006f7  __aeabi_memset          
000006f7  __aeabi_memset4         
000006f7  __aeabi_memset8         
ffffffff  __binit__               
ffffffff  __c_args__              
20000000  __stack                 
00000af9  _args_main              
00000911  _c_int00                
20000200  _lock                   
00000b47  _nop                    
00000b3f  _register_lock          
00000b39  _register_unlock        
00000beb  _system_pre_init        
20000204  _unlock                 
000009f9  abort                   
ffffffff  binit                   
00000961  copy_in                 
00000a01  exit                    
00000000  g_pfnVectors            
20000210  i                       
2000021c  inBuffer                
00000b25  main                    
20000218  main_func_sp            
00000659  memcpy                  
000006fd  memset                  
20000214  messageInProgress       


GLOBAL SYMBOLS: SORTED BY Symbol Address 

address   name                    
-------   ----                    
00000000  __TI_static_base__      
00000000  g_pfnVectors            
00000200  __STACK_SIZE            
0000026d  GPIOPadConfigSet        
0000039d  SysCtlClockGet          
000004a9  SysCtlClockSet          
00000599  UARTIntHandler          
000005d5  WriteCharToBuffer       
00000659  __aeabi_memcpy          
00000659  __aeabi_memcpy4         
00000659  __aeabi_memcpy8         
00000659  memcpy                  
000006f5  __aeabi_memclr          
000006f5  __aeabi_memclr4         
000006f5  __aeabi_memclr8         
000006f7  __aeabi_memset          
000006f7  __aeabi_memset4         
000006f7  __aeabi_memset8         
000006fd  memset                  
00000771  __TI_auto_init          
00000849  IntEnable               
000008b1  UART3_Init              
00000911  _c_int00                
00000961  copy_in                 
000009ad  GPIOPinConfigure        
000009f5  C$$EXIT                 
000009f9  abort                   
00000a01  exit                    
00000a39  UARTConfigSetExpClk     
00000a7d  SysCtlPeripheralEnable  
00000ab1  GPIODirModeSet          
00000add  UARTDisable             
00000af9  _args_main              
00000b11  UARTEnable              
00000b25  main                    
00000b39  _register_unlock        
00000b3f  _register_lock          
00000b47  _nop                    
00000b4d  GPIOPinTypeUART         
00000b5f  IntMasterEnable         
00000b6f  UARTCharGetNonBlocking  
00000b7d  UARTCharPutNonBlocking  
00000b8b  __TI_decompress_none    
00000b99  CPUcpsie                
00000ba5  UARTCharsAvail          
00000bb1  __TI_zero_init          
00000bbd  ResetISR                
00000bc9  UARTIntStatus           
00000bd3  UARTIntEnable           
00000bdb  SysCtlDelay             
00000be1  __TI_decompress_rle24   
00000be7  UARTIntClear            
00000beb  _system_pre_init        
00000d70  __TI_Handler_Table_Base 
00000d7c  __TI_Handler_Table_Limit
00000d88  __TI_CINIT_Base         
00000d98  __TI_CINIT_Limit        
20000000  __stack                 
20000200  __STACK_END             
20000200  __STACK_TOP             
20000200  _lock                   
20000204  _unlock                 
20000208  __TI_cleanup_ptr        
2000020c  __TI_dtors_ptr          
20000210  i                       
20000214  messageInProgress       
20000218  main_func_sp            
2000021c  inBuffer                
ffffffff  __binit__               
ffffffff  __c_args__              
ffffffff  binit                   
UNDEFED   SHT$$INIT_ARRAY$$Base   
UNDEFED   SHT$$INIT_ARRAY$$Limit  

[73 symbols]
