******************************************************************************
                  TI ARM Linker PC v15.9.0                     
******************************************************************************
>> Linked Wed Nov 11 19:41:05 2015

OUTPUT FILE NAME:   <INZ_UART3_bluetooth_demo.out>
ENTRY POINT SYMBOL: "_c_int00"  address: 00000d41


MEMORY CONFIGURATION

         name            origin    length      used     unused   attr    fill
----------------------  --------  ---------  --------  --------  ----  --------
  FLASH                 00000000   00040000  00001280  0003ed80  R  X
  SRAM                  20000000   00008000  00000260  00007da0  RW X


SEGMENT ALLOCATION MAP

run origin  load origin   length   init length attrs members
----------  ----------- ---------- ----------- ----- -------
00000000    00000000    00001280   00001280    r-x
  00000000    00000000    0000026c   0000026c    r-- .intvecs
  0000026c    0000026c    00000e68   00000e68    r-x .text
  000010d4    000010d4    0000016c   0000016c    r-- .const
  00001240    00001240    00000040   00000040    r-- .cinit
20000000    20000000    00000260   00000000    rw-
  20000000    20000000    00000200   00000000    rw- .stack
  20000200    20000200    0000003c   00000000    rw- .bss
  2000023c    2000023c    00000024   00000000    rw- .data


SECTION ALLOCATION MAP

 output                                  attributes/
section   page    origin      length       input sections
--------  ----  ----------  ----------   ----------------
.intvecs   0    00000000    0000026c     
                  00000000    0000026c     tm4c123gh6pm_startup_ccs.obj (.intvecs)

.text      0    0000026c    00000e68     
                  0000026c    00000248     UART3_messages_control.obj (.text)
                  000004b4    00000178     current_sensing.obj (.text)
                  0000062c    00000130     driverlib.lib : gpio.obj (.text:GPIOPadConfigSet)
                  0000075c    0000010c                   : sysctl.obj (.text:SysCtlClockGet)
                  00000868    000000f0                   : sysctl.obj (.text:SysCtlClockSet)
                  00000958    0000009c     rtsv7M4_T_le_v4SPD16_eabi.lib : memcpy_t2.obj (.text)
                  000009f4    0000007a     driverlib.lib : adc.obj (.text:ADCSequenceStepConfigure)
                  00000a6e    0000007a     rtsv7M4_T_le_v4SPD16_eabi.lib : memset_t2.obj (.text)
                  00000ae8    0000006c                                   : autoinit.obj (.text)
                  00000b54    0000006a                                   : copy_decompress_rle.obj (.text)
                  00000bbe    00000002     --HOLE-- [fill = 0]
                  00000bc0    00000068     driverlib.lib : interrupt.obj (.text:IntEnable)
                  00000c28    00000060                   : timer.obj (.text:TimerConfigure)
                  00000c88    00000060     UART3_conf.obj (.text)
                  00000ce8    00000058     driverlib.lib : timer.obj (.text:TimerControlTrigger)
                  00000d40    00000050     rtsv7M4_T_le_v4SPD16_eabi.lib : boot.obj (.text)
                  00000d90    0000004c                                   : cpy_tbl.obj (.text)
                  00000ddc    00000048     driverlib.lib : gpio.obj (.text:GPIOPinConfigure)
                  00000e24    00000044     rtsv7M4_T_le_v4SPD16_eabi.lib : exit.obj (.text)
                  00000e68    00000042     driverlib.lib : uart.obj (.text:UARTConfigSetExpClk)
                  00000eaa    0000003e                   : adc.obj (.text:ADCSequenceConfigure)
                  00000ee8    00000034                   : sysctl.obj (.text:SysCtlPeripheralEnable)
                  00000f1c    0000002a                   : gpio.obj (.text:GPIODirModeSet)
                  00000f46    0000001e                   : adc.obj (.text:ADCSequenceDataGet)
                  00000f64    0000001c                   : uart.obj (.text:UARTDisable)
                  00000f80    00000018     main.obj (.text)
                  00000f98    00000018     rtsv7M4_T_le_v4SPD16_eabi.lib : args_main.obj (.text)
                  00000fb0    00000014     driverlib.lib : uart.obj (.text:UARTEnable)
                  00000fc4    00000014     rtsv7M4_T_le_v4SPD16_eabi.lib : _lock.obj (.text)
                  00000fd8    00000012     driverlib.lib : adc.obj (.text:ADCHardwareOversampleConfigure)
                  00000fea    00000012                   : gpio.obj (.text:GPIOPinTypeUART)
                  00000ffc    00000012                   : timer.obj (.text:TimerLoadSet)
                  0000100e    00000010                   : adc.obj (.text:ADCIntEnable)
                  0000101e    00000010                   : interrupt.obj (.text:IntMasterEnable)
                  0000102e    0000000e                   : adc.obj (.text:ADCSequenceEnable)
                  0000103c    0000000e                   : timer.obj (.text:TimerEnable)
                  0000104a    0000000e                   : uart.obj (.text:UARTCharGetNonBlocking)
                  00001058    0000000e                   : uart.obj (.text:UARTCharPutNonBlocking)
                  00001066    0000000e     rtsv7M4_T_le_v4SPD16_eabi.lib : copy_decompress_none.obj (.text:decompress:none)
                  00001074    0000000c     driverlib.lib : cpu.obj (.text:CPUcpsie)
                  00001080    0000000c                   : uart.obj (.text:UARTCharsAvail)
                  0000108c    0000000c     rtsv7M4_T_le_v4SPD16_eabi.lib : copy_zero_init.obj (.text:decompress:ZI)
                  00001098    0000000c     tm4c123gh6pm_startup_ccs.obj (.text)
                  000010a4    0000000a     driverlib.lib : adc.obj (.text:ADCIntClear)
                  000010ae    0000000a                   : uart.obj (.text:UARTIntStatus)
                  000010b8    00000008                   : uart.obj (.text:UARTIntEnable)
                  000010c0    00000006                   : sysctl.obj (.text:SysCtlDelay)
                  000010c6    00000006     rtsv7M4_T_le_v4SPD16_eabi.lib : copy_decompress_rle.obj (.text:decompress:rle24)
                  000010cc    00000004     driverlib.lib : uart.obj (.text:UARTIntClear)
                  000010d0    00000004     rtsv7M4_T_le_v4SPD16_eabi.lib : pre_init.obj (.text)

.const     0    000010d4    0000016c     
                  000010d4    00000090     driverlib.lib : gpio.obj (.const:g_pui32GPIOBaseAddrs)
                  00001164    00000070                   : interrupt.obj (.const)
                  000011d4    0000006c                   : sysctl.obj (.const:g_pui32Xtals)

.cinit     0    00001240    00000040     
                  00001240    00000018     (.cinit..data.load) [load image, compression = rle]
                  00001258    0000000c     (__TI_handler_table)
                  00001264    00000004     --HOLE-- [fill = 0]
                  00001268    00000008     (.cinit..bss.load) [load image, compression = zero_init]
                  00001270    00000010     (__TI_cinit_table)

.init_array 
*          0    00000000    00000000     UNINITIALIZED

.stack     0    20000000    00000200     UNINITIALIZED
                  20000000    00000200     --HOLE--

.bss       0    20000200    0000003c     UNINITIALIZED
                  20000200    00000010     (.common:ui32ADC0Value)
                  20000210    0000000c     (.common:outBuffer)
                  2000021c    00000008     (.common:inBuffer)
                  20000224    00000004     (.common:ui32ADC0ValueAvg_CH0)
                  20000228    00000004     (.common:ui32ADC0ValueAvg_CH1)
                  2000022c    00000004     (.common:ui32CurrentMotorLeft)
                  20000230    00000004     (.common:ui32CurrentMotorRight)
                  20000234    00000004     (.common:ui32VoltageMotorLeft)
                  20000238    00000004     (.common:ui32VoltageMotorRight)

.TI.noinit 
*          0    20000200    00000000     UNINITIALIZED

.data      0    2000023c    00000024     UNINITIALIZED
                  2000023c    0000000d     UART3_messages_control.obj (.data)
                  20000249    00000003     --HOLE--
                  2000024c    00000008     rtsv7M4_T_le_v4SPD16_eabi.lib : _lock.obj (.data)
                  20000254    00000008                                   : exit.obj (.data)
                  2000025c    00000004                                   : stkdepth_vars.obj (.data)

.TI.persistent 
*          0    2000023c    00000000     UNINITIALIZED

MODULE SUMMARY

       Module                         code   ro data   rw data
       ------                         ----   -------   -------
    .\
       tm4c123gh6pm_startup_ccs.obj   12     620       0      
       UART3_messages_control.obj     584    0         33     
       current_sensing.obj            376    0         40     
       UART3_conf.obj                 96     0         0      
       main.obj                       24     0         0      
    +--+------------------------------+------+---------+---------+
       Total:                         1092   620       73     
                                                              
    C:/ti/TivaWare_C_Series-2.1.1.71/driverlib/ccs/Debug/driverlib.lib
       sysctl.obj                     566    108       0      
       gpio.obj                       436    144       0      
       adc.obj                        272    0         0      
       interrupt.obj                  120    112       0      
       timer.obj                      216    0         0      
       uart.obj                       176    0         0      
       cpu.obj                        12     0         0      
    +--+------------------------------+------+---------+---------+
       Total:                         1798   364       0      
                                                              
    C:\ti\ccsv6\tools\compiler\ti-cgt-arm_15.9.0.STS\lib\rtsv7M4_T_le_v4SPD16_eabi.lib
       memcpy_t2.obj                  156    0         0      
       memset_t2.obj                  122    0         0      
       copy_decompress_rle.obj        112    0         0      
       autoinit.obj                   108    0         0      
       boot.obj                       80     0         0      
       cpy_tbl.obj                    76     0         0      
       exit.obj                       68     0         8      
       _lock.obj                      20     0         8      
       args_main.obj                  24     0         0      
       copy_decompress_none.obj       14     0         0      
       copy_zero_init.obj             12     0         0      
       pre_init.obj                   4      0         0      
       stkdepth_vars.obj              0      0         4      
    +--+------------------------------+------+---------+---------+
       Total:                         796    0         20     
                                                              
       Stack:                         0      0         512    
       Linker Generated:              0      60        0      
    +--+------------------------------+------+---------+---------+
       Grand Total:                   3686   1044      605    


LINKER GENERATED COPY TABLES

__TI_cinit_table @ 00001270 records: 2, size/record: 8, table size: 16
	.data: load addr=00001240, load size=00000018 bytes, run addr=2000023c, run size=00000024 bytes, compression=rle
	.bss: load addr=00001268, load size=00000008 bytes, run addr=20000200, run size=0000003c bytes, compression=zero_init


LINKER GENERATED HANDLER TABLE

__TI_handler_table @ 00001258 records: 3, size/record: 4, table size: 12
	index: 0, handler: __TI_decompress_rle24
	index: 1, handler: __TI_decompress_none
	index: 2, handler: __TI_zero_init


GLOBAL SYMBOLS: SORTED ALPHABETICALLY BY Name 

address   name                          
-------   ----                          
00000577  ADC0IntHandler                
000004e3  ADC0_Init                     
00000fd9  ADCHardwareOversampleConfigure
000010a5  ADCIntClear                   
0000100f  ADCIntEnable                  
00000eab  ADCSequenceConfigure          
00000f47  ADCSequenceDataGet            
0000102f  ADCSequenceEnable             
000009f5  ADCSequenceStepConfigure      
00000e25  C$$EXIT                       
00001075  CPUcpsie                      
00000315  CodeMessage                   
000004b5  CurrentSensing_Init           
000002df  DecodeMessage                 
00000f1d  GPIODirModeSet                
0000062d  GPIOPadConfigSet              
00000ddd  GPIOPinConfigure              
00000feb  GPIOPinTypeUART               
00000bc1  IntEnable                     
0000101f  IntMasterEnable               
000004c5  Interrupts_Enable             
00001099  ResetISR                      
UNDEFED   SHT$$INIT_ARRAY$$Base         
UNDEFED   SHT$$INIT_ARRAY$$Limit        
000002b3  SendMessage                   
0000075d  SysCtlClockGet                
00000869  SysCtlClockSet                
000010c1  SysCtlDelay                   
00000ee9  SysCtlPeripheralEnable        
00000541  Timer0_Init                   
00000c29  TimerConfigure                
00000ce9  TimerControlTrigger           
0000103d  TimerEnable                   
00000ffd  TimerLoadSet                  
00000c89  UART3_Init                    
0000104b  UARTCharGetNonBlocking        
00001059  UARTCharPutNonBlocking        
00001081  UARTCharsAvail                
00000e69  UARTConfigSetExpClk           
20000248  UARTDataChanged               
00000f65  UARTDisable                   
00000fb1  UARTEnable                    
000010cd  UARTIntClear                  
000010b9  UARTIntEnable                 
0000026d  UARTIntHandler                
000010af  UARTIntStatus                 
000003ed  WriteCharToBuffer             
20000200  __STACK_END                   
00000200  __STACK_SIZE                  
20000200  __STACK_TOP                   
00001270  __TI_CINIT_Base               
00001280  __TI_CINIT_Limit              
00001258  __TI_Handler_Table_Base       
00001264  __TI_Handler_Table_Limit      
00000ae9  __TI_auto_init                
20000254  __TI_cleanup_ptr              
00001067  __TI_decompress_none          
000010c7  __TI_decompress_rle24         
20000258  __TI_dtors_ptr                
00000000  __TI_static_base__            
0000108d  __TI_zero_init                
00000a6f  __aeabi_memclr                
00000a6f  __aeabi_memclr4               
00000a6f  __aeabi_memclr8               
00000959  __aeabi_memcpy                
00000959  __aeabi_memcpy4               
00000959  __aeabi_memcpy8               
00000a71  __aeabi_memset                
00000a71  __aeabi_memset4               
00000a71  __aeabi_memset8               
ffffffff  __binit__                     
ffffffff  __c_args__                    
20000000  __stack                       
00000f99  _args_main                    
00000d41  _c_int00                      
2000024c  _lock                         
00000fd3  _nop                          
00000fcb  _register_lock                
00000fc5  _register_unlock              
000010d1  _system_pre_init              
20000250  _unlock                       
00000e29  abort                         
ffffffff  binit                         
00000d91  copy_in                       
20000241  direction                     
00000e31  exit                          
00000000  g_pfnVectors                  
2000023c  i                             
2000021c  inBuffer                      
00000f81  main                          
2000025c  main_func_sp                  
00000959  memcpy                        
00000a77  memset                        
20000240  messageInProgress             
20000210  outBuffer                     
20000200  ui32ADC0Value                 
20000224  ui32ADC0ValueAvg_CH0          
20000228  ui32ADC0ValueAvg_CH1          
2000022c  ui32CurrentMotorLeft          
20000230  ui32CurrentMotorRight         
20000234  ui32VoltageMotorLeft          
20000238  ui32VoltageMotorRight         
20000244  velocity                      


GLOBAL SYMBOLS: SORTED BY Symbol Address 

address   name                          
-------   ----                          
00000000  __TI_static_base__            
00000000  g_pfnVectors                  
00000200  __STACK_SIZE                  
0000026d  UARTIntHandler                
000002b3  SendMessage                   
000002df  DecodeMessage                 
00000315  CodeMessage                   
000003ed  WriteCharToBuffer             
000004b5  CurrentSensing_Init           
000004c5  Interrupts_Enable             
000004e3  ADC0_Init                     
00000541  Timer0_Init                   
00000577  ADC0IntHandler                
0000062d  GPIOPadConfigSet              
0000075d  SysCtlClockGet                
00000869  SysCtlClockSet                
00000959  __aeabi_memcpy                
00000959  __aeabi_memcpy4               
00000959  __aeabi_memcpy8               
00000959  memcpy                        
000009f5  ADCSequenceStepConfigure      
00000a6f  __aeabi_memclr                
00000a6f  __aeabi_memclr4               
00000a6f  __aeabi_memclr8               
00000a71  __aeabi_memset                
00000a71  __aeabi_memset4               
00000a71  __aeabi_memset8               
00000a77  memset                        
00000ae9  __TI_auto_init                
00000bc1  IntEnable                     
00000c29  TimerConfigure                
00000c89  UART3_Init                    
00000ce9  TimerControlTrigger           
00000d41  _c_int00                      
00000d91  copy_in                       
00000ddd  GPIOPinConfigure              
00000e25  C$$EXIT                       
00000e29  abort                         
00000e31  exit                          
00000e69  UARTConfigSetExpClk           
00000eab  ADCSequenceConfigure          
00000ee9  SysCtlPeripheralEnable        
00000f1d  GPIODirModeSet                
00000f47  ADCSequenceDataGet            
00000f65  UARTDisable                   
00000f81  main                          
00000f99  _args_main                    
00000fb1  UARTEnable                    
00000fc5  _register_unlock              
00000fcb  _register_lock                
00000fd3  _nop                          
00000fd9  ADCHardwareOversampleConfigure
00000feb  GPIOPinTypeUART               
00000ffd  TimerLoadSet                  
0000100f  ADCIntEnable                  
0000101f  IntMasterEnable               
0000102f  ADCSequenceEnable             
0000103d  TimerEnable                   
0000104b  UARTCharGetNonBlocking        
00001059  UARTCharPutNonBlocking        
00001067  __TI_decompress_none          
00001075  CPUcpsie                      
00001081  UARTCharsAvail                
0000108d  __TI_zero_init                
00001099  ResetISR                      
000010a5  ADCIntClear                   
000010af  UARTIntStatus                 
000010b9  UARTIntEnable                 
000010c1  SysCtlDelay                   
000010c7  __TI_decompress_rle24         
000010cd  UARTIntClear                  
000010d1  _system_pre_init              
00001258  __TI_Handler_Table_Base       
00001264  __TI_Handler_Table_Limit      
00001270  __TI_CINIT_Base               
00001280  __TI_CINIT_Limit              
20000000  __stack                       
20000200  __STACK_END                   
20000200  __STACK_TOP                   
20000200  ui32ADC0Value                 
20000210  outBuffer                     
2000021c  inBuffer                      
20000224  ui32ADC0ValueAvg_CH0          
20000228  ui32ADC0ValueAvg_CH1          
2000022c  ui32CurrentMotorLeft          
20000230  ui32CurrentMotorRight         
20000234  ui32VoltageMotorLeft          
20000238  ui32VoltageMotorRight         
2000023c  i                             
20000240  messageInProgress             
20000241  direction                     
20000244  velocity                      
20000248  UARTDataChanged               
2000024c  _lock                         
20000250  _unlock                       
20000254  __TI_cleanup_ptr              
20000258  __TI_dtors_ptr                
2000025c  main_func_sp                  
ffffffff  __binit__                     
ffffffff  __c_args__                    
ffffffff  binit                         
UNDEFED   SHT$$INIT_ARRAY$$Base         
UNDEFED   SHT$$INIT_ARRAY$$Limit        

[103 symbols]
