******************************************************************************
                  TI ARM Linker PC v15.9.0                     
******************************************************************************
>> Linked Thu Nov 12 21:09:06 2015

OUTPUT FILE NAME:   <INZ_UART3_bluetooth_demo.out>
ENTRY POINT SYMBOL: "_c_int00"  address: 00000da9


MEMORY CONFIGURATION

         name            origin    length      used     unused   attr    fill
----------------------  --------  ---------  --------  --------  ----  --------
  FLASH                 00000000   00040000  000012f8  0003ed08  R  X
  SRAM                  20000000   00008000  00000260  00007da0  RW X


SEGMENT ALLOCATION MAP

run origin  load origin   length   init length attrs members
----------  ----------- ---------- ----------- ----- -------
00000000    00000000    000012f8   000012f8    r-x
  00000000    00000000    0000026c   0000026c    r-- .intvecs
  0000026c    0000026c    00000ee0   00000ee0    r-x .text
  0000114c    0000114c    0000016c   0000016c    r-- .const
  000012b8    000012b8    00000040   00000040    r-- .cinit
20000000    20000000    00000260   00000000    rw-
  20000000    20000000    00000200   00000000    rw- .stack
  20000200    20000200    0000003c   00000000    rw- .bss
  2000023c    2000023c    00000024   00000000    rw- .data


SECTION ALLOCATION MAP

 output                                  attributes/
section   page    origin      length       input sections
--------  ----  ----------  ----------   ----------------
.intvecs   0    00000000    0000026c     
                  00000000    0000026c     tm4c123gh6pm_startup_ccs.obj (.intvecs)

.text      0    0000026c    00000ee0     
                  0000026c    00000234     UART3_messages_control.obj (.text)
                  000004a0    00000178     current_sensing.obj (.text)
                  00000618    00000130     driverlib.lib : gpio.obj (.text:GPIOPadConfigSet)
                  00000748    0000010c                   : sysctl.obj (.text:SysCtlClockGet)
                  00000854    000000f0                   : sysctl.obj (.text:SysCtlClockSet)
                  00000944    0000009c     rtsv7M4_T_le_v4SPD16_eabi.lib : memcpy_t2.obj (.text)
                  000009e0    0000007c     TIMER_sending_data.obj (.text)
                  00000a5c    0000007a     driverlib.lib : adc.obj (.text:ADCSequenceStepConfigure)
                  00000ad6    0000007a     rtsv7M4_T_le_v4SPD16_eabi.lib : memset_t2.obj (.text)
                  00000b50    0000006c                                   : autoinit.obj (.text)
                  00000bbc    0000006a                                   : copy_decompress_rle.obj (.text)
                  00000c26    00000002     --HOLE-- [fill = 0]
                  00000c28    00000068     driverlib.lib : interrupt.obj (.text:IntEnable)
                  00000c90    00000060                   : timer.obj (.text:TimerConfigure)
                  00000cf0    00000060     UART3_conf.obj (.text)
                  00000d50    00000058     driverlib.lib : timer.obj (.text:TimerControlTrigger)
                  00000da8    00000050     rtsv7M4_T_le_v4SPD16_eabi.lib : boot.obj (.text)
                  00000df8    0000004c                                   : cpy_tbl.obj (.text)
                  00000e44    00000048     driverlib.lib : gpio.obj (.text:GPIOPinConfigure)
                  00000e8c    00000044     rtsv7M4_T_le_v4SPD16_eabi.lib : exit.obj (.text)
                  00000ed0    00000042     driverlib.lib : uart.obj (.text:UARTConfigSetExpClk)
                  00000f12    0000003e                   : adc.obj (.text:ADCSequenceConfigure)
                  00000f50    00000034                   : sysctl.obj (.text:SysCtlPeripheralEnable)
                  00000f84    0000002a                   : gpio.obj (.text:GPIODirModeSet)
                  00000fae    0000001e                   : adc.obj (.text:ADCSequenceDataGet)
                  00000fcc    0000001c                   : uart.obj (.text:UARTDisable)
                  00000fe8    0000001c     main.obj (.text)
                  00001004    00000018     rtsv7M4_T_le_v4SPD16_eabi.lib : args_main.obj (.text)
                  0000101c    00000014     driverlib.lib : uart.obj (.text:UARTEnable)
                  00001030    00000014     rtsv7M4_T_le_v4SPD16_eabi.lib : _lock.obj (.text)
                  00001044    00000012     driverlib.lib : adc.obj (.text:ADCHardwareOversampleConfigure)
                  00001056    00000012                   : gpio.obj (.text:GPIOPinTypeUART)
                  00001068    00000012                   : timer.obj (.text:TimerLoadSet)
                  0000107a    00000010                   : adc.obj (.text:ADCIntEnable)
                  0000108a    00000010                   : interrupt.obj (.text:IntMasterEnable)
                  0000109a    0000000e                   : adc.obj (.text:ADCSequenceEnable)
                  000010a8    0000000e                   : timer.obj (.text:TimerEnable)
                  000010b6    0000000e                   : uart.obj (.text:UARTCharGetNonBlocking)
                  000010c4    0000000e                   : uart.obj (.text:UARTCharPutNonBlocking)
                  000010d2    0000000e     rtsv7M4_T_le_v4SPD16_eabi.lib : copy_decompress_none.obj (.text:decompress:none)
                  000010e0    0000000c     driverlib.lib : cpu.obj (.text:CPUcpsie)
                  000010ec    0000000c                   : uart.obj (.text:UARTCharsAvail)
                  000010f8    0000000c     rtsv7M4_T_le_v4SPD16_eabi.lib : copy_zero_init.obj (.text:decompress:ZI)
                  00001104    0000000c     tm4c123gh6pm_startup_ccs.obj (.text)
                  00001110    0000000a     driverlib.lib : adc.obj (.text:ADCIntClear)
                  0000111a    0000000a                   : uart.obj (.text:UARTIntStatus)
                  00001124    00000008                   : timer.obj (.text:TimerIntEnable)
                  0000112c    00000008                   : uart.obj (.text:UARTIntEnable)
                  00001134    00000006                   : sysctl.obj (.text:SysCtlDelay)
                  0000113a    00000006     rtsv7M4_T_le_v4SPD16_eabi.lib : copy_decompress_rle.obj (.text:decompress:rle24)
                  00001140    00000004     driverlib.lib : timer.obj (.text:TimerIntClear)
                  00001144    00000004                   : uart.obj (.text:UARTIntClear)
                  00001148    00000004     rtsv7M4_T_le_v4SPD16_eabi.lib : pre_init.obj (.text)

.const     0    0000114c    0000016c     
                  0000114c    00000090     driverlib.lib : gpio.obj (.const:g_pui32GPIOBaseAddrs)
                  000011dc    00000070                   : interrupt.obj (.const)
                  0000124c    0000006c                   : sysctl.obj (.const:g_pui32Xtals)

.cinit     0    000012b8    00000040     
                  000012b8    00000018     (.cinit..data.load) [load image, compression = rle]
                  000012d0    0000000c     (__TI_handler_table)
                  000012dc    00000004     --HOLE-- [fill = 0]
                  000012e0    00000008     (.cinit..bss.load) [load image, compression = zero_init]
                  000012e8    00000010     (__TI_cinit_table)

.init_array 
*          0    00000000    00000000     UNINITIALIZED

.stack     0    20000000    00000200     UNINITIALIZED
                  20000000    00000200     --HOLE--

.bss       0    20000200    0000003c     UNINITIALIZED
                  20000200    00000010     (.common:ui32ADC0Value)
                  20000210    0000000c     (.common:outBuffer)
                  2000021c    00000008     (.common:inBuffer)
                  20000224    00000004     (.common:ui32ADC0ValueAvg_CH0)
                  20000228    00000004     (.common:ui32ADC0ValueAvg_CH1)
                  2000022c    00000004     (.common:ui32CurrentMotorLeft)
                  20000230    00000004     (.common:ui32CurrentMotorRight)
                  20000234    00000004     (.common:ui32VoltageMotorLeft)
                  20000238    00000004     (.common:ui32VoltageMotorRight)

.TI.noinit 
*          0    20000200    00000000     UNINITIALIZED

.data      0    2000023c    00000024     UNINITIALIZED
                  2000023c    0000000d     UART3_messages_control.obj (.data)
                  20000249    00000003     --HOLE--
                  2000024c    00000008     rtsv7M4_T_le_v4SPD16_eabi.lib : _lock.obj (.data)
                  20000254    00000008                                   : exit.obj (.data)
                  2000025c    00000004                                   : stkdepth_vars.obj (.data)

.TI.persistent 
*          0    2000023c    00000000     UNINITIALIZED

MODULE SUMMARY

       Module                         code   ro data   rw data
       ------                         ----   -------   -------
    .\
       tm4c123gh6pm_startup_ccs.obj   12     620       0      
       UART3_messages_control.obj     564    0         33     
       current_sensing.obj            376    0         0      
       TIMER_sending_data.obj         124    0         40     
       UART3_conf.obj                 96     0         0      
       main.obj                       28     0         0      
    +--+------------------------------+------+---------+---------+
       Total:                         1200   620       73     
                                                              
    C:/ti/TivaWare_C_Series-2.1.1.71/driverlib/ccs/Debug/driverlib.lib
       sysctl.obj                     566    108       0      
       gpio.obj                       436    144       0      
       adc.obj                        272    0         0      
       interrupt.obj                  120    112       0      
       timer.obj                      228    0         0      
       uart.obj                       176    0         0      
       cpu.obj                        12     0         0      
    +--+------------------------------+------+---------+---------+
       Total:                         1810   364       0      
                                                              
    C:\ti\ccsv6\tools\compiler\ti-cgt-arm_15.9.0.STS\lib\rtsv7M4_T_le_v4SPD16_eabi.lib
       memcpy_t2.obj                  156    0         0      
       memset_t2.obj                  122    0         0      
       copy_decompress_rle.obj        112    0         0      
       autoinit.obj                   108    0         0      
       boot.obj                       80     0         0      
       cpy_tbl.obj                    76     0         0      
       exit.obj                       68     0         8      
       _lock.obj                      20     0         8      
       args_main.obj                  24     0         0      
       copy_decompress_none.obj       14     0         0      
       copy_zero_init.obj             12     0         0      
       pre_init.obj                   4      0         0      
       stkdepth_vars.obj              0      0         4      
    +--+------------------------------+------+---------+---------+
       Total:                         796    0         20     
                                                              
       Stack:                         0      0         512    
       Linker Generated:              0      60        0      
    +--+------------------------------+------+---------+---------+
       Grand Total:                   3806   1044      605    


LINKER GENERATED COPY TABLES

__TI_cinit_table @ 000012e8 records: 2, size/record: 8, table size: 16
	.data: load addr=000012b8, load size=00000018 bytes, run addr=2000023c, run size=00000024 bytes, compression=rle
	.bss: load addr=000012e0, load size=00000008 bytes, run addr=20000200, run size=0000003c bytes, compression=zero_init


LINKER GENERATED HANDLER TABLE

__TI_handler_table @ 000012d0 records: 3, size/record: 4, table size: 12
	index: 0, handler: __TI_decompress_rle24
	index: 1, handler: __TI_decompress_none
	index: 2, handler: __TI_zero_init


GLOBAL SYMBOLS: SORTED ALPHABETICALLY BY Name 

address   name                          
-------   ----                          
00000563  ADC0IntHandler                
000004cf  ADC0_Init                     
00001045  ADCHardwareOversampleConfigure
00001111  ADCIntClear                   
0000107b  ADCIntEnable                  
00000f13  ADCSequenceConfigure          
00000faf  ADCSequenceDataGet            
0000109b  ADCSequenceEnable             
00000a5d  ADCSequenceStepConfigure      
00000e8d  C$$EXIT                       
000010e1  CPUcpsie                      
00000301  CodeMessage                   
000004a1  CurrentSensing_Init           
000002cb  DecodeMessage                 
00000f85  GPIODirModeSet                
00000619  GPIOPadConfigSet              
00000e45  GPIOPinConfigure              
00001057  GPIOPinTypeUART               
00000c29  IntEnable                     
0000108b  IntMasterEnable               
000004b1  Interrupts_Enable             
00001105  ResetISR                      
UNDEFED   SHT$$INIT_ARRAY$$Base         
UNDEFED   SHT$$INIT_ARRAY$$Limit        
000002a5  SendMessage                   
00000749  SysCtlClockGet                
00000855  SysCtlClockSet                
00001135  SysCtlDelay                   
00000f51  SysCtlPeripheralEnable        
0000052d  Timer0_Init                   
000009e1  Timer1IntHandler              
000009fd  Timer1_Init                   
00000c91  TimerConfigure                
00000d51  TimerControlTrigger           
000010a9  TimerEnable                   
00001141  TimerIntClear                 
00001125  TimerIntEnable                
00001069  TimerLoadSet                  
00000cf1  UART3_Init                    
000010b7  UARTCharGetNonBlocking        
000010c5  UARTCharPutNonBlocking        
000010ed  UARTCharsAvail                
00000ed1  UARTConfigSetExpClk           
20000248  UARTDataChanged               
00000fcd  UARTDisable                   
0000101d  UARTEnable                    
00001145  UARTIntClear                  
0000112d  UARTIntEnable                 
0000026d  UARTIntHandler                
0000111b  UARTIntStatus                 
000003d9  WriteCharToBuffer             
20000200  __STACK_END                   
00000200  __STACK_SIZE                  
20000200  __STACK_TOP                   
000012e8  __TI_CINIT_Base               
000012f8  __TI_CINIT_Limit              
000012d0  __TI_Handler_Table_Base       
000012dc  __TI_Handler_Table_Limit      
00000b51  __TI_auto_init                
20000254  __TI_cleanup_ptr              
000010d3  __TI_decompress_none          
0000113b  __TI_decompress_rle24         
20000258  __TI_dtors_ptr                
00000000  __TI_static_base__            
000010f9  __TI_zero_init                
00000ad7  __aeabi_memclr                
00000ad7  __aeabi_memclr4               
00000ad7  __aeabi_memclr8               
00000945  __aeabi_memcpy                
00000945  __aeabi_memcpy4               
00000945  __aeabi_memcpy8               
00000ad9  __aeabi_memset                
00000ad9  __aeabi_memset4               
00000ad9  __aeabi_memset8               
ffffffff  __binit__                     
ffffffff  __c_args__                    
20000000  __stack                       
00001005  _args_main                    
00000da9  _c_int00                      
2000024c  _lock                         
0000103f  _nop                          
00001037  _register_lock                
00001031  _register_unlock              
00001149  _system_pre_init              
20000250  _unlock                       
00000e91  abort                         
ffffffff  binit                         
00000df9  copy_in                       
20000241  direction                     
00000e99  exit                          
00000000  g_pfnVectors                  
2000023c  i                             
2000021c  inBuffer                      
00000fe9  main                          
2000025c  main_func_sp                  
00000945  memcpy                        
00000adf  memset                        
20000240  messageInProgress             
20000210  outBuffer                     
20000200  ui32ADC0Value                 
20000224  ui32ADC0ValueAvg_CH0          
20000228  ui32ADC0ValueAvg_CH1          
2000022c  ui32CurrentMotorLeft          
20000230  ui32CurrentMotorRight         
20000234  ui32VoltageMotorLeft          
20000238  ui32VoltageMotorRight         
20000244  velocity                      


GLOBAL SYMBOLS: SORTED BY Symbol Address 

address   name                          
-------   ----                          
00000000  __TI_static_base__            
00000000  g_pfnVectors                  
00000200  __STACK_SIZE                  
0000026d  UARTIntHandler                
000002a5  SendMessage                   
000002cb  DecodeMessage                 
00000301  CodeMessage                   
000003d9  WriteCharToBuffer             
000004a1  CurrentSensing_Init           
000004b1  Interrupts_Enable             
000004cf  ADC0_Init                     
0000052d  Timer0_Init                   
00000563  ADC0IntHandler                
00000619  GPIOPadConfigSet              
00000749  SysCtlClockGet                
00000855  SysCtlClockSet                
00000945  __aeabi_memcpy                
00000945  __aeabi_memcpy4               
00000945  __aeabi_memcpy8               
00000945  memcpy                        
000009e1  Timer1IntHandler              
000009fd  Timer1_Init                   
00000a5d  ADCSequenceStepConfigure      
00000ad7  __aeabi_memclr                
00000ad7  __aeabi_memclr4               
00000ad7  __aeabi_memclr8               
00000ad9  __aeabi_memset                
00000ad9  __aeabi_memset4               
00000ad9  __aeabi_memset8               
00000adf  memset                        
00000b51  __TI_auto_init                
00000c29  IntEnable                     
00000c91  TimerConfigure                
00000cf1  UART3_Init                    
00000d51  TimerControlTrigger           
00000da9  _c_int00                      
00000df9  copy_in                       
00000e45  GPIOPinConfigure              
00000e8d  C$$EXIT                       
00000e91  abort                         
00000e99  exit                          
00000ed1  UARTConfigSetExpClk           
00000f13  ADCSequenceConfigure          
00000f51  SysCtlPeripheralEnable        
00000f85  GPIODirModeSet                
00000faf  ADCSequenceDataGet            
00000fcd  UARTDisable                   
00000fe9  main                          
00001005  _args_main                    
0000101d  UARTEnable                    
00001031  _register_unlock              
00001037  _register_lock                
0000103f  _nop                          
00001045  ADCHardwareOversampleConfigure
00001057  GPIOPinTypeUART               
00001069  TimerLoadSet                  
0000107b  ADCIntEnable                  
0000108b  IntMasterEnable               
0000109b  ADCSequenceEnable             
000010a9  TimerEnable                   
000010b7  UARTCharGetNonBlocking        
000010c5  UARTCharPutNonBlocking        
000010d3  __TI_decompress_none          
000010e1  CPUcpsie                      
000010ed  UARTCharsAvail                
000010f9  __TI_zero_init                
00001105  ResetISR                      
00001111  ADCIntClear                   
0000111b  UARTIntStatus                 
00001125  TimerIntEnable                
0000112d  UARTIntEnable                 
00001135  SysCtlDelay                   
0000113b  __TI_decompress_rle24         
00001141  TimerIntClear                 
00001145  UARTIntClear                  
00001149  _system_pre_init              
000012d0  __TI_Handler_Table_Base       
000012dc  __TI_Handler_Table_Limit      
000012e8  __TI_CINIT_Base               
000012f8  __TI_CINIT_Limit              
20000000  __stack                       
20000200  __STACK_END                   
20000200  __STACK_TOP                   
20000200  ui32ADC0Value                 
20000210  outBuffer                     
2000021c  inBuffer                      
20000224  ui32ADC0ValueAvg_CH0          
20000228  ui32ADC0ValueAvg_CH1          
2000022c  ui32CurrentMotorLeft          
20000230  ui32CurrentMotorRight         
20000234  ui32VoltageMotorLeft          
20000238  ui32VoltageMotorRight         
2000023c  i                             
20000240  messageInProgress             
20000241  direction                     
20000244  velocity                      
20000248  UARTDataChanged               
2000024c  _lock                         
20000250  _unlock                       
20000254  __TI_cleanup_ptr              
20000258  __TI_dtors_ptr                
2000025c  main_func_sp                  
ffffffff  __binit__                     
ffffffff  __c_args__                    
ffffffff  binit                         
UNDEFED   SHT$$INIT_ARRAY$$Base         
UNDEFED   SHT$$INIT_ARRAY$$Limit        

[107 symbols]
