******************************************************************************
                  TI ARM Linker PC v15.9.0                     
******************************************************************************
>> Linked Sun Nov 15 22:03:47 2015

OUTPUT FILE NAME:   <INZ_UART3_bluetooth_demo.out>
ENTRY POINT SYMBOL: "_c_int00"  address: 000010d9


MEMORY CONFIGURATION

         name            origin    length      used     unused   attr    fill
----------------------  --------  ---------  --------  --------  ----  --------
  FLASH                 00000000   00040000  0000160c  0003e9f4  R  X
  SRAM                  20000000   00008000  00000268  00007d98  RW X


SEGMENT ALLOCATION MAP

run origin  load origin   length   init length attrs members
----------  ----------- ---------- ----------- ----- -------
00000000    00000000    00001610   00001610    r-x
  00000000    00000000    0000026c   0000026c    r-- .intvecs
  0000026c    0000026c    000011f4   000011f4    r-x .text
  00001460    00001460    0000016c   0000016c    r-- .const
  000015d0    000015d0    00000040   00000040    r-- .cinit
20000000    20000000    00000268   00000000    rw-
  20000000    20000000    00000200   00000000    rw- .stack
  20000200    20000200    00000044   00000000    rw- .bss
  20000244    20000244    00000024   00000000    rw- .data


SECTION ALLOCATION MAP

 output                                  attributes/
section   page    origin      length       input sections
--------  ----  ----------  ----------   ----------------
.intvecs   0    00000000    0000026c     
                  00000000    0000026c     tm4c123gh6pm_startup_ccs.obj (.intvecs)

.text      0    0000026c    000011f4     
                  0000026c    00000280     UART3_messages_control.obj (.text)
                  000004ec    000001d0     MotorControl.obj (.text)
                  000006bc    00000178     current_sensing.obj (.text)
                  00000834    00000130     driverlib.lib : gpio.obj (.text:GPIOPadConfigSet)
                  00000964    00000114     main.obj (.text)
                  00000a78    0000010c     driverlib.lib : sysctl.obj (.text:SysCtlClockGet)
                  00000b84    000000f0                   : sysctl.obj (.text:SysCtlClockSet)
                  00000c74    0000009c     rtsv7M4_T_le_v4SPD16_eabi.lib : memcpy_t2.obj (.text)
                  00000d10    0000007c     TIMER_sending_data.obj (.text)
                  00000d8c    0000007a     driverlib.lib : adc.obj (.text:ADCSequenceStepConfigure)
                  00000e06    0000007a     rtsv7M4_T_le_v4SPD16_eabi.lib : memset_t2.obj (.text)
                  00000e80    0000006c                                   : autoinit.obj (.text)
                  00000eec    0000006a                                   : copy_decompress_rle.obj (.text)
                  00000f56    00000002     --HOLE-- [fill = 0]
                  00000f58    00000068     driverlib.lib : interrupt.obj (.text:IntEnable)
                  00000fc0    00000060                   : timer.obj (.text:TimerConfigure)
                  00001020    00000060     UART3_conf.obj (.text)
                  00001080    00000058     driverlib.lib : timer.obj (.text:TimerControlTrigger)
                  000010d8    00000050     rtsv7M4_T_le_v4SPD16_eabi.lib : boot.obj (.text)
                  00001128    0000004c                                   : cpy_tbl.obj (.text)
                  00001174    00000048     driverlib.lib : gpio.obj (.text:GPIOPinConfigure)
                  000011bc    00000044     rtsv7M4_T_le_v4SPD16_eabi.lib : exit.obj (.text)
                  00001200    00000042     driverlib.lib : uart.obj (.text:UARTConfigSetExpClk)
                  00001242    0000003e                   : adc.obj (.text:ADCSequenceConfigure)
                  00001280    00000034                   : sysctl.obj (.text:SysCtlPeripheralEnable)
                  000012b4    0000002a                   : gpio.obj (.text:GPIODirModeSet)
                  000012de    0000001e                   : adc.obj (.text:ADCSequenceDataGet)
                  000012fc    0000001c                   : uart.obj (.text:UARTDisable)
                  00001318    00000018     rtsv7M4_T_le_v4SPD16_eabi.lib : args_main.obj (.text)
                  00001330    00000014     driverlib.lib : uart.obj (.text:UARTEnable)
                  00001344    00000014     rtsv7M4_T_le_v4SPD16_eabi.lib : _lock.obj (.text)
                  00001358    00000012     driverlib.lib : adc.obj (.text:ADCHardwareOversampleConfigure)
                  0000136a    00000012                   : gpio.obj (.text:GPIOPinTypeUART)
                  0000137c    00000012                   : timer.obj (.text:TimerLoadSet)
                  0000138e    00000010                   : adc.obj (.text:ADCIntEnable)
                  0000139e    00000010                   : interrupt.obj (.text:IntMasterEnable)
                  000013ae    0000000e                   : adc.obj (.text:ADCSequenceEnable)
                  000013bc    0000000e                   : timer.obj (.text:TimerEnable)
                  000013ca    0000000e                   : uart.obj (.text:UARTCharGetNonBlocking)
                  000013d8    0000000e                   : uart.obj (.text:UARTCharPutNonBlocking)
                  000013e6    0000000e     rtsv7M4_T_le_v4SPD16_eabi.lib : copy_decompress_none.obj (.text:decompress:none)
                  000013f4    0000000c     driverlib.lib : cpu.obj (.text:CPUcpsie)
                  00001400    0000000c                   : uart.obj (.text:UARTCharsAvail)
                  0000140c    0000000c     rtsv7M4_T_le_v4SPD16_eabi.lib : copy_zero_init.obj (.text:decompress:ZI)
                  00001418    0000000c     tm4c123gh6pm_startup_ccs.obj (.text)
                  00001424    0000000a     driverlib.lib : adc.obj (.text:ADCIntClear)
                  0000142e    0000000a                   : uart.obj (.text:UARTIntStatus)
                  00001438    00000008                   : timer.obj (.text:TimerIntEnable)
                  00001440    00000008                   : uart.obj (.text:UARTIntEnable)
                  00001448    00000006                   : sysctl.obj (.text:SysCtlDelay)
                  0000144e    00000006     rtsv7M4_T_le_v4SPD16_eabi.lib : copy_decompress_rle.obj (.text:decompress:rle24)
                  00001454    00000004     driverlib.lib : timer.obj (.text:TimerIntClear)
                  00001458    00000004                   : uart.obj (.text:UARTIntClear)
                  0000145c    00000004     rtsv7M4_T_le_v4SPD16_eabi.lib : pre_init.obj (.text)

.const     0    00001460    0000016c     
                  00001460    00000090     driverlib.lib : gpio.obj (.const:g_pui32GPIOBaseAddrs)
                  000014f0    00000070                   : interrupt.obj (.const)
                  00001560    0000006c                   : sysctl.obj (.const:g_pui32Xtals)

.cinit     0    000015d0    00000040     
                  000015d0    00000018     (.cinit..data.load) [load image, compression = rle]
                  000015e8    0000000c     (__TI_handler_table)
                  000015f4    00000004     --HOLE-- [fill = 0]
                  000015f8    00000008     (.cinit..bss.load) [load image, compression = zero_init]
                  00001600    00000010     (__TI_cinit_table)

.init_array 
*          0    00000000    00000000     UNINITIALIZED

.stack     0    20000000    00000200     UNINITIALIZED
                  20000000    00000200     --HOLE--

.bss       0    20000200    00000044     UNINITIALIZED
                  20000200    00000010     (.common:ui32ADC0Value)
                  20000210    0000000c     (.common:outBuffer)
                  2000021c    00000008     (.common:inBuffer)
                  20000224    00000004     (.common:LoadValue)
                  20000228    00000004     (.common:UartDataChangedEventHandler)
                  2000022c    00000004     (.common:ui32ADC0ValueAvg_CH0)
                  20000230    00000004     (.common:ui32ADC0ValueAvg_CH1)
                  20000234    00000004     (.common:ui32CurrentMotorLeft)
                  20000238    00000004     (.common:ui32CurrentMotorRight)
                  2000023c    00000004     (.common:ui32VoltageMotorLeft)
                  20000240    00000004     (.common:ui32VoltageMotorRight)

.TI.noinit 
*          0    20000200    00000000     UNINITIALIZED

.data      0    20000244    00000024     UNINITIALIZED
                  20000244    0000000d     UART3_messages_control.obj (.data)
                  20000251    00000003     --HOLE--
                  20000254    00000008     rtsv7M4_T_le_v4SPD16_eabi.lib : _lock.obj (.data)
                  2000025c    00000008                                   : exit.obj (.data)
                  20000264    00000004                                   : stkdepth_vars.obj (.data)

.TI.persistent 
*          0    20000244    00000000     UNINITIALIZED

MODULE SUMMARY

       Module                         code   ro data   rw data
       ------                         ----   -------   -------
    .\
       UART3_messages_control.obj     640    0         33     
       tm4c123gh6pm_startup_ccs.obj   12     620       0      
       MotorControl.obj               464    0         4      
       current_sensing.obj            376    0         0      
       main.obj                       276    0         0      
       TIMER_sending_data.obj         124    0         44     
       UART3_conf.obj                 96     0         0      
    +--+------------------------------+------+---------+---------+
       Total:                         1988   620       81     
                                                              
    F:/Apps/ti/TivaWare_C_Series-2.1.1.71/driverlib/ccs/Debug/driverlib.lib
       sysctl.obj                     566    108       0      
       gpio.obj                       436    144       0      
       adc.obj                        272    0         0      
       interrupt.obj                  120    112       0      
       timer.obj                      228    0         0      
       uart.obj                       176    0         0      
       cpu.obj                        12     0         0      
    +--+------------------------------+------+---------+---------+
       Total:                         1810   364       0      
                                                              
    F:\Apps\ti\ccsv6\tools\compiler\ti-cgt-arm_15.9.0.STS\lib\rtsv7M4_T_le_v4SPD16_eabi.lib
       memcpy_t2.obj                  156    0         0      
       memset_t2.obj                  122    0         0      
       copy_decompress_rle.obj        112    0         0      
       autoinit.obj                   108    0         0      
       boot.obj                       80     0         0      
       cpy_tbl.obj                    76     0         0      
       exit.obj                       68     0         8      
       _lock.obj                      20     0         8      
       args_main.obj                  24     0         0      
       copy_decompress_none.obj       14     0         0      
       copy_zero_init.obj             12     0         0      
       pre_init.obj                   4      0         0      
       stkdepth_vars.obj              0      0         4      
    +--+------------------------------+------+---------+---------+
       Total:                         796    0         20     
                                                              
       Stack:                         0      0         512    
       Linker Generated:              0      60        0      
    +--+------------------------------+------+---------+---------+
       Grand Total:                   4594   1044      613    


LINKER GENERATED COPY TABLES

__TI_cinit_table @ 00001600 records: 2, size/record: 8, table size: 16
	.data: load addr=000015d0, load size=00000018 bytes, run addr=20000244, run size=00000024 bytes, compression=rle
	.bss: load addr=000015f8, load size=00000008 bytes, run addr=20000200, run size=00000044 bytes, compression=zero_init


LINKER GENERATED HANDLER TABLE

__TI_handler_table @ 000015e8 records: 3, size/record: 4, table size: 12
	index: 0, handler: __TI_decompress_rle24
	index: 1, handler: __TI_decompress_none
	index: 2, handler: __TI_zero_init


GLOBAL SYMBOLS: SORTED ALPHABETICALLY BY Name 

address   name                          
-------   ----                          
0000077f  ADC0IntHandler                
000006eb  ADC0_Init                     
00001359  ADCHardwareOversampleConfigure
00001425  ADCIntClear                   
0000138f  ADCIntEnable                  
00001243  ADCSequenceConfigure          
000012df  ADCSequenceDataGet            
000013af  ADCSequenceEnable             
00000d8d  ADCSequenceStepConfigure      
000011bd  C$$EXIT                       
000013f5  CPUcpsie                      
00000965  ChangeMovementParameters      
0000034f  CodeMessage                   
000006bd  CurrentSensing_Init           
000002e1  DecodeMessage                 
000012b5  GPIODirModeSet                
00000835  GPIOPadConfigSet              
00001175  GPIOPinConfigure              
0000136b  GPIOPinTypeUART               
00000f59  IntEnable                     
0000139f  IntMasterEnable               
000006cd  Interrupts_Enable             
20000224  LoadValue                     
00000621  MCChangeMotorState            
000005eb  MCInitControlHardware         
000005cd  MCInitGpio                    
000004ed  MCInitPwm                     
000005fb  MCPwmDutyCycleSet             
000002d7  OnUartDataChangedEvent        
00001419  ResetISR                      
UNDEFED   SHT$$INIT_ARRAY$$Base         
UNDEFED   SHT$$INIT_ARRAY$$Limit        
000002a1  SendMessage                   
00000a79  SysCtlClockGet                
00000b85  SysCtlClockSet                
00001449  SysCtlDelay                   
00001281  SysCtlPeripheralEnable        
00000749  Timer0_Init                   
00000d11  Timer1IntHandler              
00000d2d  Timer1_Init                   
00000fc1  TimerConfigure                
00001081  TimerControlTrigger           
000013bd  TimerEnable                   
00001455  TimerIntClear                 
00001439  TimerIntEnable                
0000137d  TimerLoadSet                  
00001021  UART3_Init                    
000013cb  UARTCharGetNonBlocking        
000013d9  UARTCharPutNonBlocking        
00001401  UARTCharsAvail                
00001201  UARTConfigSetExpClk           
20000250  UARTDataChanged               
000002c7  UARTDataChangedSubscribe      
000012fd  UARTDisable                   
00001331  UARTEnable                    
00001459  UARTIntClear                  
00001441  UARTIntEnable                 
0000026d  UARTIntHandler                
0000142f  UARTIntStatus                 
20000228  UartDataChangedEventHandler   
00000427  WriteCharToBuffer             
20000200  __STACK_END                   
00000200  __STACK_SIZE                  
20000200  __STACK_TOP                   
00001600  __TI_CINIT_Base               
00001610  __TI_CINIT_Limit              
000015e8  __TI_Handler_Table_Base       
000015f4  __TI_Handler_Table_Limit      
00000e81  __TI_auto_init                
2000025c  __TI_cleanup_ptr              
000013e7  __TI_decompress_none          
0000144f  __TI_decompress_rle24         
20000260  __TI_dtors_ptr                
00000000  __TI_static_base__            
0000140d  __TI_zero_init                
00000e07  __aeabi_memclr                
00000e07  __aeabi_memclr4               
00000e07  __aeabi_memclr8               
00000c75  __aeabi_memcpy                
00000c75  __aeabi_memcpy4               
00000c75  __aeabi_memcpy8               
00000e09  __aeabi_memset                
00000e09  __aeabi_memset4               
00000e09  __aeabi_memset8               
ffffffff  __binit__                     
ffffffff  __c_args__                    
20000000  __stack                       
00001319  _args_main                    
000010d9  _c_int00                      
20000254  _lock                         
00001353  _nop                          
0000134b  _register_lock                
00001345  _register_unlock              
0000145d  _system_pre_init              
20000258  _unlock                       
000011c1  abort                         
ffffffff  binit                         
00001129  copy_in                       
20000249  direction                     
000011c9  exit                          
00000000  g_pfnVectors                  
20000244  i                             
2000021c  inBuffer                      
00000a43  main                          
20000264  main_func_sp                  
00000c75  memcpy                        
00000e0f  memset                        
20000248  messageInProgress             
20000210  outBuffer                     
20000200  ui32ADC0Value                 
2000022c  ui32ADC0ValueAvg_CH0          
20000230  ui32ADC0ValueAvg_CH1          
20000234  ui32CurrentMotorLeft          
20000238  ui32CurrentMotorRight         
2000023c  ui32VoltageMotorLeft          
20000240  ui32VoltageMotorRight         
2000024c  velocity                      


GLOBAL SYMBOLS: SORTED BY Symbol Address 

address   name                          
-------   ----                          
00000000  __TI_static_base__            
00000000  g_pfnVectors                  
00000200  __STACK_SIZE                  
0000026d  UARTIntHandler                
000002a1  SendMessage                   
000002c7  UARTDataChangedSubscribe      
000002d7  OnUartDataChangedEvent        
000002e1  DecodeMessage                 
0000034f  CodeMessage                   
00000427  WriteCharToBuffer             
000004ed  MCInitPwm                     
000005cd  MCInitGpio                    
000005eb  MCInitControlHardware         
000005fb  MCPwmDutyCycleSet             
00000621  MCChangeMotorState            
000006bd  CurrentSensing_Init           
000006cd  Interrupts_Enable             
000006eb  ADC0_Init                     
00000749  Timer0_Init                   
0000077f  ADC0IntHandler                
00000835  GPIOPadConfigSet              
00000965  ChangeMovementParameters      
00000a43  main                          
00000a79  SysCtlClockGet                
00000b85  SysCtlClockSet                
00000c75  __aeabi_memcpy                
00000c75  __aeabi_memcpy4               
00000c75  __aeabi_memcpy8               
00000c75  memcpy                        
00000d11  Timer1IntHandler              
00000d2d  Timer1_Init                   
00000d8d  ADCSequenceStepConfigure      
00000e07  __aeabi_memclr                
00000e07  __aeabi_memclr4               
00000e07  __aeabi_memclr8               
00000e09  __aeabi_memset                
00000e09  __aeabi_memset4               
00000e09  __aeabi_memset8               
00000e0f  memset                        
00000e81  __TI_auto_init                
00000f59  IntEnable                     
00000fc1  TimerConfigure                
00001021  UART3_Init                    
00001081  TimerControlTrigger           
000010d9  _c_int00                      
00001129  copy_in                       
00001175  GPIOPinConfigure              
000011bd  C$$EXIT                       
000011c1  abort                         
000011c9  exit                          
00001201  UARTConfigSetExpClk           
00001243  ADCSequenceConfigure          
00001281  SysCtlPeripheralEnable        
000012b5  GPIODirModeSet                
000012df  ADCSequenceDataGet            
000012fd  UARTDisable                   
00001319  _args_main                    
00001331  UARTEnable                    
00001345  _register_unlock              
0000134b  _register_lock                
00001353  _nop                          
00001359  ADCHardwareOversampleConfigure
0000136b  GPIOPinTypeUART               
0000137d  TimerLoadSet                  
0000138f  ADCIntEnable                  
0000139f  IntMasterEnable               
000013af  ADCSequenceEnable             
000013bd  TimerEnable                   
000013cb  UARTCharGetNonBlocking        
000013d9  UARTCharPutNonBlocking        
000013e7  __TI_decompress_none          
000013f5  CPUcpsie                      
00001401  UARTCharsAvail                
0000140d  __TI_zero_init                
00001419  ResetISR                      
00001425  ADCIntClear                   
0000142f  UARTIntStatus                 
00001439  TimerIntEnable                
00001441  UARTIntEnable                 
00001449  SysCtlDelay                   
0000144f  __TI_decompress_rle24         
00001455  TimerIntClear                 
00001459  UARTIntClear                  
0000145d  _system_pre_init              
000015e8  __TI_Handler_Table_Base       
000015f4  __TI_Handler_Table_Limit      
00001600  __TI_CINIT_Base               
00001610  __TI_CINIT_Limit              
20000000  __stack                       
20000200  __STACK_END                   
20000200  __STACK_TOP                   
20000200  ui32ADC0Value                 
20000210  outBuffer                     
2000021c  inBuffer                      
20000224  LoadValue                     
20000228  UartDataChangedEventHandler   
2000022c  ui32ADC0ValueAvg_CH0          
20000230  ui32ADC0ValueAvg_CH1          
20000234  ui32CurrentMotorLeft          
20000238  ui32CurrentMotorRight         
2000023c  ui32VoltageMotorLeft          
20000240  ui32VoltageMotorRight         
20000244  i                             
20000248  messageInProgress             
20000249  direction                     
2000024c  velocity                      
20000250  UARTDataChanged               
20000254  _lock                         
20000258  _unlock                       
2000025c  __TI_cleanup_ptr              
20000260  __TI_dtors_ptr                
20000264  main_func_sp                  
ffffffff  __binit__                     
ffffffff  __c_args__                    
ffffffff  binit                         
UNDEFED   SHT$$INIT_ARRAY$$Base         
UNDEFED   SHT$$INIT_ARRAY$$Limit        

[117 symbols]
