<?xml version="1.0"?>
<link_info>
   <banner>TI ARM Linker PC v15.9.0.STS</banner>
   <copyright>Copyright (c) 1996-2015 Texas Instruments Incorporated</copyright>
   <link_time>0x564102fc</link_time>
   <link_errors>0x0</link_errors>
   <output_file>UART_echo_demo.out</output_file>
   <entry_point>
      <name>_c_int00</name>
      <address>0x91d</address>
   </entry_point>
   <input_file_list>
      <input_file id="fl-2">
         <path>.\</path>
         <kind>object</kind>
         <file>main.obj</file>
         <name>main.obj</name>
      </input_file>
      <input_file id="fl-3">
         <path>.\</path>
         <kind>object</kind>
         <file>tm4c123gh6pm_startup_ccs.obj</file>
         <name>tm4c123gh6pm_startup_ccs.obj</name>
      </input_file>
      <input_file id="fl-9">
         <path>C:\ti\TivaWare_C_Series-2.1.1.71\driverlib\ccs\Debug\</path>
         <kind>archive</kind>
         <file>driverlib.lib</file>
         <name>gpio.obj</name>
      </input_file>
      <input_file id="fl-a">
         <path>C:\ti\TivaWare_C_Series-2.1.1.71\driverlib\ccs\Debug\</path>
         <kind>archive</kind>
         <file>driverlib.lib</file>
         <name>interrupt.obj</name>
      </input_file>
      <input_file id="fl-b">
         <path>C:\ti\TivaWare_C_Series-2.1.1.71\driverlib\ccs\Debug\</path>
         <kind>archive</kind>
         <file>driverlib.lib</file>
         <name>sysctl.obj</name>
      </input_file>
      <input_file id="fl-c">
         <path>C:\ti\TivaWare_C_Series-2.1.1.71\driverlib\ccs\Debug\</path>
         <kind>archive</kind>
         <file>driverlib.lib</file>
         <name>uart.obj</name>
      </input_file>
      <input_file id="fl-d">
         <path>C:\ti\TivaWare_C_Series-2.1.1.71\driverlib\ccs\Debug\</path>
         <kind>archive</kind>
         <file>driverlib.lib</file>
         <name>cpu.obj</name>
      </input_file>
      <input_file id="fl-c3">
         <path>C:\ti\ccsv6\tools\compiler\ti-cgt-arm_15.9.0.STS\lib\</path>
         <kind>archive</kind>
         <file>rtsv7M4_T_le_v4SPD16_eabi.lib</file>
         <name>boot.obj</name>
      </input_file>
      <input_file id="fl-c4">
         <path>C:\ti\ccsv6\tools\compiler\ti-cgt-arm_15.9.0.STS\lib\</path>
         <kind>archive</kind>
         <file>rtsv7M4_T_le_v4SPD16_eabi.lib</file>
         <name>copy_decompress_none.obj</name>
      </input_file>
      <input_file id="fl-c5">
         <path>C:\ti\ccsv6\tools\compiler\ti-cgt-arm_15.9.0.STS\lib\</path>
         <kind>archive</kind>
         <file>rtsv7M4_T_le_v4SPD16_eabi.lib</file>
         <name>copy_decompress_rle.obj</name>
      </input_file>
      <input_file id="fl-c6">
         <path>C:\ti\ccsv6\tools\compiler\ti-cgt-arm_15.9.0.STS\lib\</path>
         <kind>archive</kind>
         <file>rtsv7M4_T_le_v4SPD16_eabi.lib</file>
         <name>copy_zero_init.obj</name>
      </input_file>
      <input_file id="fl-c7">
         <path>C:\ti\ccsv6\tools\compiler\ti-cgt-arm_15.9.0.STS\lib\</path>
         <kind>archive</kind>
         <file>rtsv7M4_T_le_v4SPD16_eabi.lib</file>
         <name>exit.obj</name>
      </input_file>
      <input_file id="fl-c8">
         <path>C:\ti\ccsv6\tools\compiler\ti-cgt-arm_15.9.0.STS\lib\</path>
         <kind>archive</kind>
         <file>rtsv7M4_T_le_v4SPD16_eabi.lib</file>
         <name>memcpy_t2.obj</name>
      </input_file>
      <input_file id="fl-c9">
         <path>C:\ti\ccsv6\tools\compiler\ti-cgt-arm_15.9.0.STS\lib\</path>
         <kind>archive</kind>
         <file>rtsv7M4_T_le_v4SPD16_eabi.lib</file>
         <name>memset_t2.obj</name>
      </input_file>
      <input_file id="fl-ca">
         <path>C:\ti\ccsv6\tools\compiler\ti-cgt-arm_15.9.0.STS\lib\</path>
         <kind>archive</kind>
         <file>rtsv7M4_T_le_v4SPD16_eabi.lib</file>
         <name>pre_init.obj</name>
      </input_file>
      <input_file id="fl-cb">
         <path>C:\ti\ccsv6\tools\compiler\ti-cgt-arm_15.9.0.STS\lib\</path>
         <kind>archive</kind>
         <file>rtsv7M4_T_le_v4SPD16_eabi.lib</file>
         <name>stkdepth_vars.obj</name>
      </input_file>
      <input_file id="fl-cc">
         <path>C:\ti\ccsv6\tools\compiler\ti-cgt-arm_15.9.0.STS\lib\</path>
         <kind>archive</kind>
         <file>rtsv7M4_T_le_v4SPD16_eabi.lib</file>
         <name>_lock.obj</name>
      </input_file>
      <input_file id="fl-cd">
         <path>C:\ti\ccsv6\tools\compiler\ti-cgt-arm_15.9.0.STS\lib\</path>
         <kind>archive</kind>
         <file>rtsv7M4_T_le_v4SPD16_eabi.lib</file>
         <name>args_main.obj</name>
      </input_file>
      <input_file id="fl-ce">
         <path>C:\ti\ccsv6\tools\compiler\ti-cgt-arm_15.9.0.STS\lib\</path>
         <kind>archive</kind>
         <file>rtsv7M4_T_le_v4SPD16_eabi.lib</file>
         <name>autoinit.obj</name>
      </input_file>
      <input_file id="fl-cf">
         <path>C:\ti\ccsv6\tools\compiler\ti-cgt-arm_15.9.0.STS\lib\</path>
         <kind>archive</kind>
         <file>rtsv7M4_T_le_v4SPD16_eabi.lib</file>
         <name>cpy_tbl.obj</name>
      </input_file>
   </input_file_list>
   <object_component_list>
      <object_component id="oc-f">
         <name>.intvecs</name>
         <load_address>0x0</load_address>
         <run_address>0x0</run_address>
         <size>0x26c</size>
         <input_file_ref idref="fl-3"/>
      </object_component>
      <object_component id="oc-137">
         <name>.text:GPIOPadConfigSet</name>
         <load_address>0x26c</load_address>
         <run_address>0x26c</run_address>
         <size>0x130</size>
         <input_file_ref idref="fl-9"/>
      </object_component>
      <object_component id="oc-31">
         <name>.text</name>
         <load_address>0x39c</load_address>
         <run_address>0x39c</run_address>
         <size>0x12c</size>
         <input_file_ref idref="fl-2"/>
      </object_component>
      <object_component id="oc-9a">
         <name>.text:SysCtlClockGet</name>
         <load_address>0x4c8</load_address>
         <run_address>0x4c8</run_address>
         <size>0x10c</size>
         <input_file_ref idref="fl-b"/>
      </object_component>
      <object_component id="oc-a7">
         <name>.text:SysCtlClockSet</name>
         <load_address>0x5d4</load_address>
         <run_address>0x5d4</run_address>
         <size>0xf0</size>
         <input_file_ref idref="fl-b"/>
      </object_component>
      <object_component id="oc-3a">
         <name>.text</name>
         <load_address>0x6c4</load_address>
         <run_address>0x6c4</run_address>
         <size>0x9c</size>
         <input_file_ref idref="fl-c8"/>
      </object_component>
      <object_component id="oc-53">
         <name>.text</name>
         <load_address>0x760</load_address>
         <run_address>0x760</run_address>
         <size>0x7a</size>
         <input_file_ref idref="fl-c9"/>
      </object_component>
      <object_component id="oc-65">
         <name>.text</name>
         <load_address>0x7dc</load_address>
         <run_address>0x7dc</run_address>
         <size>0x6c</size>
         <input_file_ref idref="fl-ce"/>
      </object_component>
      <object_component id="oc-46">
         <name>.text</name>
         <load_address>0x848</load_address>
         <run_address>0x848</run_address>
         <size>0x6a</size>
         <input_file_ref idref="fl-c5"/>
      </object_component>
      <object_component id="oc-d1">
         <name>.text:IntEnable</name>
         <load_address>0x8b4</load_address>
         <run_address>0x8b4</run_address>
         <size>0x68</size>
         <input_file_ref idref="fl-a"/>
      </object_component>
      <object_component id="oc-24">
         <name>.text</name>
         <load_address>0x91c</load_address>
         <run_address>0x91c</run_address>
         <size>0x50</size>
         <input_file_ref idref="fl-c3"/>
      </object_component>
      <object_component id="oc-109">
         <name>.text</name>
         <load_address>0x96c</load_address>
         <run_address>0x96c</run_address>
         <size>0x4c</size>
         <input_file_ref idref="fl-cf"/>
      </object_component>
      <object_component id="oc-b3">
         <name>.text:GPIOPinConfigure</name>
         <load_address>0x9b8</load_address>
         <run_address>0x9b8</run_address>
         <size>0x48</size>
         <input_file_ref idref="fl-9"/>
      </object_component>
      <object_component id="oc-71">
         <name>.text</name>
         <load_address>0xa00</load_address>
         <run_address>0xa00</run_address>
         <size>0x44</size>
         <input_file_ref idref="fl-c7"/>
      </object_component>
      <object_component id="oc-c5">
         <name>.text:UARTConfigSetExpClk</name>
         <load_address>0xa44</load_address>
         <run_address>0xa44</run_address>
         <size>0x42</size>
         <input_file_ref idref="fl-c"/>
      </object_component>
      <object_component id="oc-ad">
         <name>.text:SysCtlPeripheralEnable</name>
         <load_address>0xa88</load_address>
         <run_address>0xa88</run_address>
         <size>0x34</size>
         <input_file_ref idref="fl-b"/>
      </object_component>
      <object_component id="oc-131">
         <name>.text:GPIODirModeSet</name>
         <load_address>0xabc</load_address>
         <run_address>0xabc</run_address>
         <size>0x2a</size>
         <input_file_ref idref="fl-9"/>
      </object_component>
      <object_component id="oc-13f">
         <name>.text:UARTDisable</name>
         <load_address>0xae8</load_address>
         <run_address>0xae8</run_address>
         <size>0x1c</size>
         <input_file_ref idref="fl-c"/>
      </object_component>
      <object_component id="oc-bf">
         <name>.text:GPIOPinTypeGPIOOutput</name>
         <load_address>0xb04</load_address>
         <run_address>0xb04</run_address>
         <size>0x18</size>
         <input_file_ref idref="fl-9"/>
      </object_component>
      <object_component id="oc-6b">
         <name>.text</name>
         <load_address>0xb1c</load_address>
         <run_address>0xb1c</run_address>
         <size>0x18</size>
         <input_file_ref idref="fl-cd"/>
      </object_component>
      <object_component id="oc-145">
         <name>.text:UARTEnable</name>
         <load_address>0xb34</load_address>
         <run_address>0xb34</run_address>
         <size>0x14</size>
         <input_file_ref idref="fl-c"/>
      </object_component>
      <object_component id="oc-16f">
         <name>.text</name>
         <load_address>0xb48</load_address>
         <run_address>0xb48</run_address>
         <size>0x14</size>
         <input_file_ref idref="fl-cc"/>
      </object_component>
      <object_component id="oc-b9">
         <name>.text:GPIOPinTypeUART</name>
         <load_address>0xb5c</load_address>
         <run_address>0xb5c</run_address>
         <size>0x12</size>
         <input_file_ref idref="fl-9"/>
      </object_component>
      <object_component id="oc-cb">
         <name>.text:IntMasterEnable</name>
         <load_address>0xb6e</load_address>
         <run_address>0xb6e</run_address>
         <size>0x10</size>
         <input_file_ref idref="fl-a"/>
      </object_component>
      <object_component id="oc-88">
         <name>.text:UARTCharGetNonBlocking</name>
         <load_address>0xb7e</load_address>
         <run_address>0xb7e</run_address>
         <size>0xe</size>
         <input_file_ref idref="fl-c"/>
      </object_component>
      <object_component id="oc-8e">
         <name>.text:UARTCharPutNonBlocking</name>
         <load_address>0xb8c</load_address>
         <run_address>0xb8c</run_address>
         <size>0xe</size>
         <input_file_ref idref="fl-c"/>
      </object_component>
      <object_component id="oc-12">
         <name>.text:decompress:none</name>
         <load_address>0xb9a</load_address>
         <run_address>0xb9a</run_address>
         <size>0xe</size>
         <input_file_ref idref="fl-c4"/>
      </object_component>
      <object_component id="oc-14c">
         <name>.text:CPUcpsie</name>
         <load_address>0xba8</load_address>
         <run_address>0xba8</run_address>
         <size>0xc</size>
         <input_file_ref idref="fl-d"/>
      </object_component>
      <object_component id="oc-a1">
         <name>.text:UARTCharsAvail</name>
         <load_address>0xbb4</load_address>
         <run_address>0xbb4</run_address>
         <size>0xc</size>
         <input_file_ref idref="fl-c"/>
      </object_component>
      <object_component id="oc-2b">
         <name>.text</name>
         <load_address>0xbc0</load_address>
         <run_address>0xbc0</run_address>
         <size>0xc</size>
         <input_file_ref idref="fl-3"/>
      </object_component>
      <object_component id="oc-dd">
         <name>.text:UARTCharPut</name>
         <load_address>0xbcc</load_address>
         <run_address>0xbcc</run_address>
         <size>0xa</size>
         <input_file_ref idref="fl-c"/>
      </object_component>
      <object_component id="oc-7c">
         <name>.text:UARTIntStatus</name>
         <load_address>0xbd6</load_address>
         <run_address>0xbd6</run_address>
         <size>0xa</size>
         <input_file_ref idref="fl-c"/>
      </object_component>
      <object_component id="oc-d7">
         <name>.text:UARTIntEnable</name>
         <load_address>0xbe0</load_address>
         <run_address>0xbe0</run_address>
         <size>0x8</size>
         <input_file_ref idref="fl-c"/>
      </object_component>
      <object_component id="oc-94">
         <name>.text:GPIOPinWrite</name>
         <load_address>0xbe8</load_address>
         <run_address>0xbe8</run_address>
         <size>0x6</size>
         <input_file_ref idref="fl-9"/>
      </object_component>
      <object_component id="oc-a0">
         <name>.text:SysCtlDelay</name>
         <load_address>0xbee</load_address>
         <run_address>0xbee</run_address>
         <size>0x6</size>
         <input_file_ref idref="fl-b"/>
      </object_component>
      <object_component id="oc-18">
         <name>.text:decompress:rle24</name>
         <load_address>0xbf4</load_address>
         <run_address>0xbf4</run_address>
         <size>0x6</size>
         <input_file_ref idref="fl-c5"/>
      </object_component>
      <object_component id="oc-82">
         <name>.text:UARTIntClear</name>
         <load_address>0xbfa</load_address>
         <run_address>0xbfa</run_address>
         <size>0x4</size>
         <input_file_ref idref="fl-c"/>
      </object_component>
      <object_component id="oc-5f">
         <name>.text</name>
         <load_address>0xbfe</load_address>
         <run_address>0xbfe</run_address>
         <size>0x4</size>
         <input_file_ref idref="fl-ca"/>
      </object_component>
      <object_component id="oc-12d">
         <name>.const:g_pui32GPIOBaseAddrs</name>
         <load_address>0xc04</load_address>
         <run_address>0xc04</run_address>
         <size>0x90</size>
         <input_file_ref idref="fl-9"/>
      </object_component>
      <object_component id="oc-153">
         <name>.const</name>
         <load_address>0xc94</load_address>
         <run_address>0xc94</run_address>
         <size>0x70</size>
         <input_file_ref idref="fl-a"/>
      </object_component>
      <object_component id="oc-125">
         <name>.const:g_pui32Xtals</name>
         <load_address>0xd04</load_address>
         <run_address>0xd04</run_address>
         <size>0x6c</size>
         <input_file_ref idref="fl-b"/>
      </object_component>
      <object_component id="oc-1c2">
         <name>.cinit..data.load</name>
         <load_address>0xd70</load_address>
         <run_address>0xd70</run_address>
         <size>0xf</size>
      </object_component>
      <object_component id="oc-1c0">
         <name>__TI_handler_table</name>
         <load_address>0xd80</load_address>
         <run_address>0xd80</run_address>
         <size>0x8</size>
      </object_component>
      <object_component id="oc-1c1">
         <name>__TI_cinit_table</name>
         <load_address>0xd88</load_address>
         <run_address>0xd88</run_address>
         <size>0x8</size>
      </object_component>
      <object_component id="oc-2a">
         <name>.stack</name>
         <uninitialized>true</uninitialized>
         <run_address>0x20000000</run_address>
         <size>0x0</size>
         <input_file_ref idref="fl-c3"/>
      </object_component>
      <object_component id="oc-1c3">
         <name>.stack</name>
         <uninitialized>true</uninitialized>
         <run_address>0x20000000</run_address>
         <size>0x0</size>
      </object_component>
      <object_component id="oc-116">
         <name>.data</name>
         <load_address>0x20000208</load_address>
         <run_address>0x20000208</run_address>
         <size>0x8</size>
         <input_file_ref idref="fl-c7"/>
      </object_component>
      <object_component id="oc-77">
         <name>.data</name>
         <load_address>0x20000210</load_address>
         <run_address>0x20000210</run_address>
         <size>0x4</size>
         <input_file_ref idref="fl-cb"/>
      </object_component>
      <object_component id="oc-113">
         <name>.data</name>
         <load_address>0x20000200</load_address>
         <run_address>0x20000200</run_address>
         <size>0x8</size>
         <input_file_ref idref="fl-cc"/>
      </object_component>
      <object_component id="oc-32">
         <name>.debug_info</name>
         <load_address>0x0</load_address>
         <run_address>0x0</run_address>
         <size>0x432</size>
         <input_file_ref idref="fl-2"/>
      </object_component>
      <object_component id="oc-e9">
         <name>.debug_info</name>
         <load_address>0x432</load_address>
         <run_address>0x432</run_address>
         <size>0x8b</size>
         <input_file_ref idref="fl-2"/>
      </object_component>
      <object_component id="oc-e4">
         <name>.debug_info</name>
         <load_address>0x4bd</load_address>
         <run_address>0x4bd</run_address>
         <size>0x18b</size>
         <input_file_ref idref="fl-2"/>
      </object_component>
      <object_component id="oc-39">
         <name>.debug_info</name>
         <load_address>0x648</load_address>
         <run_address>0x648</run_address>
         <size>0x12a</size>
         <input_file_ref idref="fl-3"/>
      </object_component>
      <object_component id="oc-10">
         <name>.debug_info</name>
         <load_address>0x772</load_address>
         <run_address>0x772</run_address>
         <size>0xf1</size>
         <input_file_ref idref="fl-3"/>
      </object_component>
      <object_component id="oc-2c">
         <name>.debug_info</name>
         <load_address>0x863</load_address>
         <run_address>0x863</run_address>
         <size>0x26d</size>
         <input_file_ref idref="fl-3"/>
      </object_component>
      <object_component id="oc-f8">
         <name>.debug_info</name>
         <load_address>0xad0</load_address>
         <run_address>0xad0</run_address>
         <size>0x84</size>
         <input_file_ref idref="fl-3"/>
      </object_component>
      <object_component id="oc-124">
         <name>.debug_info</name>
         <load_address>0xb54</load_address>
         <run_address>0xb54</run_address>
         <size>0x230</size>
         <input_file_ref idref="fl-9"/>
      </object_component>
      <object_component id="oc-12e">
         <name>.debug_info</name>
         <load_address>0xd84</load_address>
         <run_address>0xd84</run_address>
         <size>0x15b</size>
         <input_file_ref idref="fl-9"/>
      </object_component>
      <object_component id="oc-95">
         <name>.debug_info</name>
         <load_address>0xedf</load_address>
         <run_address>0xedf</run_address>
         <size>0x2a3</size>
         <input_file_ref idref="fl-9"/>
      </object_component>
      <object_component id="oc-132">
         <name>.debug_info</name>
         <load_address>0x1182</load_address>
         <run_address>0x1182</run_address>
         <size>0x2b3</size>
         <input_file_ref idref="fl-9"/>
      </object_component>
      <object_component id="oc-138">
         <name>.debug_info</name>
         <load_address>0x1435</load_address>
         <run_address>0x1435</run_address>
         <size>0x316</size>
         <input_file_ref idref="fl-9"/>
      </object_component>
      <object_component id="oc-ba">
         <name>.debug_info</name>
         <load_address>0x174b</load_address>
         <run_address>0x174b</run_address>
         <size>0x2ab</size>
         <input_file_ref idref="fl-9"/>
      </object_component>
      <object_component id="oc-c0">
         <name>.debug_info</name>
         <load_address>0x19f6</load_address>
         <run_address>0x19f6</run_address>
         <size>0x2b7</size>
         <input_file_ref idref="fl-9"/>
      </object_component>
      <object_component id="oc-b4">
         <name>.debug_info</name>
         <load_address>0x1cad</load_address>
         <run_address>0x1cad</run_address>
         <size>0x280</size>
         <input_file_ref idref="fl-9"/>
      </object_component>
      <object_component id="oc-157">
         <name>.debug_info</name>
         <load_address>0x1f2d</load_address>
         <run_address>0x1f2d</run_address>
         <size>0x20e</size>
         <input_file_ref idref="fl-a"/>
      </object_component>
      <object_component id="oc-154">
         <name>.debug_info</name>
         <load_address>0x213b</load_address>
         <run_address>0x213b</run_address>
         <size>0x210</size>
         <input_file_ref idref="fl-a"/>
      </object_component>
      <object_component id="oc-cc">
         <name>.debug_info</name>
         <load_address>0x234b</load_address>
         <run_address>0x234b</run_address>
         <size>0x23e</size>
         <input_file_ref idref="fl-a"/>
      </object_component>
      <object_component id="oc-d2">
         <name>.debug_info</name>
         <load_address>0x2589</load_address>
         <run_address>0x2589</run_address>
         <size>0x268</size>
         <input_file_ref idref="fl-a"/>
      </object_component>
      <object_component id="oc-12b">
         <name>.debug_info</name>
         <load_address>0x27f1</load_address>
         <run_address>0x27f1</run_address>
         <size>0x27f</size>
         <input_file_ref idref="fl-b"/>
      </object_component>
      <object_component id="oc-126">
         <name>.debug_info</name>
         <load_address>0x2a70</load_address>
         <run_address>0x2a70</run_address>
         <size>0x14d</size>
         <input_file_ref idref="fl-b"/>
      </object_component>
      <object_component id="oc-ae">
         <name>.debug_info</name>
         <load_address>0x2bbd</load_address>
         <run_address>0x2bbd</run_address>
         <size>0x27d</size>
         <input_file_ref idref="fl-b"/>
      </object_component>
      <object_component id="oc-a8">
         <name>.debug_info</name>
         <load_address>0x2e3a</load_address>
         <run_address>0x2e3a</run_address>
         <size>0x2db</size>
         <input_file_ref idref="fl-b"/>
      </object_component>
      <object_component id="oc-9b">
         <name>.debug_info</name>
         <load_address>0x3115</load_address>
         <run_address>0x3115</run_address>
         <size>0x2b5</size>
         <input_file_ref idref="fl-b"/>
      </object_component>
      <object_component id="oc-185">
         <name>.debug_info</name>
         <load_address>0x33ca</load_address>
         <run_address>0x33ca</run_address>
         <size>0x5f</size>
         <input_file_ref idref="fl-b"/>
      </object_component>
      <object_component id="oc-11f">
         <name>.debug_info</name>
         <load_address>0x3429</load_address>
         <run_address>0x3429</run_address>
         <size>0x227</size>
         <input_file_ref idref="fl-c"/>
      </object_component>
      <object_component id="oc-7d">
         <name>.debug_info</name>
         <load_address>0x3650</load_address>
         <run_address>0x3650</run_address>
         <size>0x27f</size>
         <input_file_ref idref="fl-c"/>
      </object_component>
      <object_component id="oc-d8">
         <name>.debug_info</name>
         <load_address>0x38cf</load_address>
         <run_address>0x38cf</run_address>
         <size>0x28f</size>
         <input_file_ref idref="fl-c"/>
      </object_component>
      <object_component id="oc-83">
         <name>.debug_info</name>
         <load_address>0x3b5e</load_address>
         <run_address>0x3b5e</run_address>
         <size>0x28d</size>
         <input_file_ref idref="fl-c"/>
      </object_component>
      <object_component id="oc-147">
         <name>.debug_info</name>
         <load_address>0x3deb</load_address>
         <run_address>0x3deb</run_address>
         <size>0x247</size>
         <input_file_ref idref="fl-c"/>
      </object_component>
      <object_component id="oc-141">
         <name>.debug_info</name>
         <load_address>0x4032</load_address>
         <run_address>0x4032</run_address>
         <size>0x249</size>
         <input_file_ref idref="fl-c"/>
      </object_component>
      <object_component id="oc-c7">
         <name>.debug_info</name>
         <load_address>0x427b</load_address>
         <run_address>0x427b</run_address>
         <size>0x326</size>
         <input_file_ref idref="fl-c"/>
      </object_component>
      <object_component id="oc-a3">
         <name>.debug_info</name>
         <load_address>0x45a1</load_address>
         <run_address>0x45a1</run_address>
         <size>0x253</size>
         <input_file_ref idref="fl-c"/>
      </object_component>
      <object_component id="oc-90">
         <name>.debug_info</name>
         <load_address>0x47f4</load_address>
         <run_address>0x47f4</run_address>
         <size>0x28d</size>
         <input_file_ref idref="fl-c"/>
      </object_component>
      <object_component id="oc-df">
         <name>.debug_info</name>
         <load_address>0x4a81</load_address>
         <run_address>0x4a81</run_address>
         <size>0x273</size>
         <input_file_ref idref="fl-c"/>
      </object_component>
      <object_component id="oc-8a">
         <name>.debug_info</name>
         <load_address>0x4cf4</load_address>
         <run_address>0x4cf4</run_address>
         <size>0x263</size>
         <input_file_ref idref="fl-c"/>
      </object_component>
      <object_component id="oc-14d">
         <name>.debug_info</name>
         <load_address>0x4f57</load_address>
         <run_address>0x4f57</run_address>
         <size>0x212</size>
         <input_file_ref idref="fl-d"/>
      </object_component>
      <object_component id="oc-27">
         <name>.debug_info</name>
         <load_address>0x5169</load_address>
         <run_address>0x5169</run_address>
         <size>0x149</size>
         <input_file_ref idref="fl-c3"/>
      </object_component>
      <object_component id="oc-45">
         <name>.debug_info</name>
         <load_address>0x52b2</load_address>
         <run_address>0x52b2</run_address>
         <size>0x13a</size>
         <input_file_ref idref="fl-c4"/>
      </object_component>
      <object_component id="oc-16">
         <name>.debug_info</name>
         <load_address>0x53ec</load_address>
         <run_address>0x53ec</run_address>
         <size>0x1d9</size>
         <input_file_ref idref="fl-c4"/>
      </object_component>
      <object_component id="oc-40">
         <name>.debug_info</name>
         <load_address>0x55c5</load_address>
         <run_address>0x55c5</run_address>
         <size>0x46</size>
         <input_file_ref idref="fl-c4"/>
      </object_component>
      <object_component id="oc-f1">
         <name>.debug_info</name>
         <load_address>0x560b</load_address>
         <run_address>0x560b</run_address>
         <size>0x2c</size>
         <input_file_ref idref="fl-c4"/>
      </object_component>
      <object_component id="oc-4d">
         <name>.debug_info</name>
         <load_address>0x5637</load_address>
         <run_address>0x5637</run_address>
         <size>0x12e</size>
         <input_file_ref idref="fl-c5"/>
      </object_component>
      <object_component id="oc-49">
         <name>.debug_info</name>
         <load_address>0x5765</load_address>
         <run_address>0x5765</run_address>
         <size>0x241</size>
         <input_file_ref idref="fl-c5"/>
      </object_component>
      <object_component id="oc-1b">
         <name>.debug_info</name>
         <load_address>0x59a6</load_address>
         <run_address>0x59a6</run_address>
         <size>0x1ab</size>
         <input_file_ref idref="fl-c5"/>
      </object_component>
      <object_component id="oc-4e">
         <name>.debug_info</name>
         <load_address>0x5b51</load_address>
         <run_address>0x5b51</run_address>
         <size>0x39</size>
         <input_file_ref idref="fl-c5"/>
      </object_component>
      <object_component id="oc-100">
         <name>.debug_info</name>
         <load_address>0x5b8a</load_address>
         <run_address>0x5b8a</run_address>
         <size>0x2c</size>
         <input_file_ref idref="fl-c5"/>
      </object_component>
      <object_component id="oc-11a">
         <name>.debug_info</name>
         <load_address>0x5bb6</load_address>
         <run_address>0x5bb6</run_address>
         <size>0x18b</size>
         <input_file_ref idref="fl-c7"/>
      </object_component>
      <object_component id="oc-117">
         <name>.debug_info</name>
         <load_address>0x5d41</load_address>
         <run_address>0x5d41</run_address>
         <size>0x130</size>
         <input_file_ref idref="fl-c7"/>
      </object_component>
      <object_component id="oc-74">
         <name>.debug_info</name>
         <load_address>0x5e71</load_address>
         <run_address>0x5e71</run_address>
         <size>0x207</size>
         <input_file_ref idref="fl-c7"/>
      </object_component>
      <object_component id="oc-3c">
         <name>.debug_info</name>
         <load_address>0x6078</load_address>
         <run_address>0x6078</run_address>
         <size>0x10b</size>
         <input_file_ref idref="fl-c8"/>
      </object_component>
      <object_component id="oc-54">
         <name>.debug_info</name>
         <load_address>0x6183</load_address>
         <run_address>0x6183</run_address>
         <size>0x139</size>
         <input_file_ref idref="fl-c9"/>
      </object_component>
      <object_component id="oc-60">
         <name>.debug_info</name>
         <load_address>0x62bc</load_address>
         <run_address>0x62bc</run_address>
         <size>0x142</size>
         <input_file_ref idref="fl-ca"/>
      </object_component>
      <object_component id="oc-78">
         <name>.debug_info</name>
         <load_address>0x63fe</load_address>
         <run_address>0x63fe</run_address>
         <size>0x103</size>
         <input_file_ref idref="fl-cb"/>
      </object_component>
      <object_component id="oc-177">
         <name>.debug_info</name>
         <load_address>0x6501</load_address>
         <run_address>0x6501</run_address>
         <size>0x11e</size>
         <input_file_ref idref="fl-cc"/>
      </object_component>
      <object_component id="oc-114">
         <name>.debug_info</name>
         <load_address>0x661f</load_address>
         <run_address>0x661f</run_address>
         <size>0x10d</size>
         <input_file_ref idref="fl-cc"/>
      </object_component>
      <object_component id="oc-170">
         <name>.debug_info</name>
         <load_address>0x672c</load_address>
         <run_address>0x672c</run_address>
         <size>0x219</size>
         <input_file_ref idref="fl-cc"/>
      </object_component>
      <object_component id="oc-112">
         <name>.debug_info</name>
         <load_address>0x6945</load_address>
         <run_address>0x6945</run_address>
         <size>0x160</size>
         <input_file_ref idref="fl-cd"/>
      </object_component>
      <object_component id="oc-6c">
         <name>.debug_info</name>
         <load_address>0x6aa5</load_address>
         <run_address>0x6aa5</run_address>
         <size>0x161</size>
         <input_file_ref idref="fl-cd"/>
      </object_component>
      <object_component id="oc-16a">
         <name>.debug_info</name>
         <load_address>0x6c06</load_address>
         <run_address>0x6c06</run_address>
         <size>0x5e</size>
         <input_file_ref idref="fl-cd"/>
      </object_component>
      <object_component id="oc-110">
         <name>.debug_info</name>
         <load_address>0x6c64</load_address>
         <run_address>0x6c64</run_address>
         <size>0x2b7</size>
         <input_file_ref idref="fl-ce"/>
      </object_component>
      <object_component id="oc-66">
         <name>.debug_info</name>
         <load_address>0x6f1b</load_address>
         <run_address>0x6f1b</run_address>
         <size>0x171</size>
         <input_file_ref idref="fl-ce"/>
      </object_component>
      <object_component id="oc-15e">
         <name>.debug_info</name>
         <load_address>0x708c</load_address>
         <run_address>0x708c</run_address>
         <size>0x39</size>
         <input_file_ref idref="fl-ce"/>
      </object_component>
      <object_component id="oc-163">
         <name>.debug_info</name>
         <load_address>0x70c5</load_address>
         <run_address>0x70c5</run_address>
         <size>0xcd</size>
         <input_file_ref idref="fl-ce"/>
      </object_component>
      <object_component id="oc-15b">
         <name>.debug_info</name>
         <load_address>0x7192</load_address>
         <run_address>0x7192</run_address>
         <size>0x1da</size>
         <input_file_ref idref="fl-cf"/>
      </object_component>
      <object_component id="oc-10a">
         <name>.debug_info</name>
         <load_address>0x736c</load_address>
         <run_address>0x736c</run_address>
         <size>0x17d</size>
         <input_file_ref idref="fl-cf"/>
      </object_component>
      <object_component id="oc-197">
         <name>.debug_info</name>
         <load_address>0x74e9</load_address>
         <run_address>0x74e9</run_address>
         <size>0x2c</size>
         <input_file_ref idref="fl-cf"/>
      </object_component>
      <object_component id="oc-1c4">
         <name>.debug_info</name>
         <load_address>0x7515</load_address>
         <run_address>0x7515</run_address>
         <size>0xa7</size>
      </object_component>
      <object_component id="oc-35">
         <name>.debug_line</name>
         <load_address>0x0</load_address>
         <run_address>0x0</run_address>
         <size>0x80</size>
         <input_file_ref idref="fl-2"/>
      </object_component>
      <object_component id="oc-ec">
         <name>.debug_line</name>
         <load_address>0x80</load_address>
         <run_address>0x80</run_address>
         <size>0x20</size>
         <input_file_ref idref="fl-2"/>
      </object_component>
      <object_component id="oc-e7">
         <name>.debug_line</name>
         <load_address>0xa0</load_address>
         <run_address>0xa0</run_address>
         <size>0x65</size>
         <input_file_ref idref="fl-2"/>
      </object_component>
      <object_component id="oc-ef">
         <name>.debug_line</name>
         <load_address>0x105</load_address>
         <run_address>0x105</run_address>
         <size>0x41</size>
         <input_file_ref idref="fl-3"/>
      </object_component>
      <object_component id="oc-38">
         <name>.debug_line</name>
         <load_address>0x146</load_address>
         <run_address>0x146</run_address>
         <size>0x41</size>
         <input_file_ref idref="fl-3"/>
      </object_component>
      <object_component id="oc-2f">
         <name>.debug_line</name>
         <load_address>0x187</load_address>
         <run_address>0x187</run_address>
         <size>0xa1</size>
         <input_file_ref idref="fl-3"/>
      </object_component>
      <object_component id="oc-fb">
         <name>.debug_line</name>
         <load_address>0x228</load_address>
         <run_address>0x228</run_address>
         <size>0x20</size>
         <input_file_ref idref="fl-3"/>
      </object_component>
      <object_component id="oc-180">
         <name>.debug_line</name>
         <load_address>0x248</load_address>
         <run_address>0x248</run_address>
         <size>0x82</size>
         <input_file_ref idref="fl-9"/>
      </object_component>
      <object_component id="oc-18b">
         <name>.debug_line</name>
         <load_address>0x2ca</load_address>
         <run_address>0x2ca</run_address>
         <size>0x7d</size>
         <input_file_ref idref="fl-9"/>
      </object_component>
      <object_component id="oc-98">
         <name>.debug_line</name>
         <load_address>0x347</load_address>
         <run_address>0x347</run_address>
         <size>0x92</size>
         <input_file_ref idref="fl-9"/>
      </object_component>
      <object_component id="oc-135">
         <name>.debug_line</name>
         <load_address>0x3d9</load_address>
         <run_address>0x3d9</run_address>
         <size>0x95</size>
         <input_file_ref idref="fl-9"/>
      </object_component>
      <object_component id="oc-13b">
         <name>.debug_line</name>
         <load_address>0x46e</load_address>
         <run_address>0x46e</run_address>
         <size>0xd1</size>
         <input_file_ref idref="fl-9"/>
      </object_component>
      <object_component id="oc-bd">
         <name>.debug_line</name>
         <load_address>0x53f</load_address>
         <run_address>0x53f</run_address>
         <size>0x93</size>
         <input_file_ref idref="fl-9"/>
      </object_component>
      <object_component id="oc-c3">
         <name>.debug_line</name>
         <load_address>0x5d2</load_address>
         <run_address>0x5d2</run_address>
         <size>0x99</size>
         <input_file_ref idref="fl-9"/>
      </object_component>
      <object_component id="oc-b7">
         <name>.debug_line</name>
         <load_address>0x66b</load_address>
         <run_address>0x66b</run_address>
         <size>0xa7</size>
         <input_file_ref idref="fl-9"/>
      </object_component>
      <object_component id="oc-194">
         <name>.debug_line</name>
         <load_address>0x712</load_address>
         <run_address>0x712</run_address>
         <size>0x7c</size>
         <input_file_ref idref="fl-a"/>
      </object_component>
      <object_component id="oc-192">
         <name>.debug_line</name>
         <load_address>0x78e</load_address>
         <run_address>0x78e</run_address>
         <size>0x82</size>
         <input_file_ref idref="fl-a"/>
      </object_component>
      <object_component id="oc-cf">
         <name>.debug_line</name>
         <load_address>0x810</load_address>
         <run_address>0x810</run_address>
         <size>0x97</size>
         <input_file_ref idref="fl-a"/>
      </object_component>
      <object_component id="oc-d5">
         <name>.debug_line</name>
         <load_address>0x8a7</load_address>
         <run_address>0x8a7</run_address>
         <size>0xc2</size>
         <input_file_ref idref="fl-a"/>
      </object_component>
      <object_component id="oc-184">
         <name>.debug_line</name>
         <load_address>0x969</load_address>
         <run_address>0x969</run_address>
         <size>0x13d</size>
         <input_file_ref idref="fl-b"/>
      </object_component>
      <object_component id="oc-182">
         <name>.debug_line</name>
         <load_address>0xaa6</load_address>
         <run_address>0xaa6</run_address>
         <size>0x7f</size>
         <input_file_ref idref="fl-b"/>
      </object_component>
      <object_component id="oc-b1">
         <name>.debug_line</name>
         <load_address>0xb25</load_address>
         <run_address>0xb25</run_address>
         <size>0x94</size>
         <input_file_ref idref="fl-b"/>
      </object_component>
      <object_component id="oc-ab">
         <name>.debug_line</name>
         <load_address>0xbb9</load_address>
         <run_address>0xbb9</run_address>
         <size>0xe8</size>
         <input_file_ref idref="fl-b"/>
      </object_component>
      <object_component id="oc-9e">
         <name>.debug_line</name>
         <load_address>0xca1</load_address>
         <run_address>0xca1</run_address>
         <size>0x116</size>
         <input_file_ref idref="fl-b"/>
      </object_component>
      <object_component id="oc-188">
         <name>.debug_line</name>
         <load_address>0xdb7</load_address>
         <run_address>0xdb7</run_address>
         <size>0x7f</size>
         <input_file_ref idref="fl-b"/>
      </object_component>
      <object_component id="oc-17e">
         <name>.debug_line</name>
         <load_address>0xe36</load_address>
         <run_address>0xe36</run_address>
         <size>0x82</size>
         <input_file_ref idref="fl-c"/>
      </object_component>
      <object_component id="oc-80">
         <name>.debug_line</name>
         <load_address>0xeb8</load_address>
         <run_address>0xeb8</run_address>
         <size>0x92</size>
         <input_file_ref idref="fl-c"/>
      </object_component>
      <object_component id="oc-db">
         <name>.debug_line</name>
         <load_address>0xf4a</load_address>
         <run_address>0xf4a</run_address>
         <size>0x92</size>
         <input_file_ref idref="fl-c"/>
      </object_component>
      <object_component id="oc-86">
         <name>.debug_line</name>
         <load_address>0xfdc</load_address>
         <run_address>0xfdc</run_address>
         <size>0x92</size>
         <input_file_ref idref="fl-c"/>
      </object_component>
      <object_component id="oc-14a">
         <name>.debug_line</name>
         <load_address>0x106e</load_address>
         <run_address>0x106e</run_address>
         <size>0x93</size>
         <input_file_ref idref="fl-c"/>
      </object_component>
      <object_component id="oc-144">
         <name>.debug_line</name>
         <load_address>0x1101</load_address>
         <run_address>0x1101</run_address>
         <size>0x96</size>
         <input_file_ref idref="fl-c"/>
      </object_component>
      <object_component id="oc-ca">
         <name>.debug_line</name>
         <load_address>0x1197</load_address>
         <run_address>0x1197</run_address>
         <size>0xb3</size>
         <input_file_ref idref="fl-c"/>
      </object_component>
      <object_component id="oc-a6">
         <name>.debug_line</name>
         <load_address>0x124a</load_address>
         <run_address>0x124a</run_address>
         <size>0x92</size>
         <input_file_ref idref="fl-c"/>
      </object_component>
      <object_component id="oc-93">
         <name>.debug_line</name>
         <load_address>0x12dc</load_address>
         <run_address>0x12dc</run_address>
         <size>0x97</size>
         <input_file_ref idref="fl-c"/>
      </object_component>
      <object_component id="oc-e2">
         <name>.debug_line</name>
         <load_address>0x1373</load_address>
         <run_address>0x1373</run_address>
         <size>0x93</size>
         <input_file_ref idref="fl-c"/>
      </object_component>
      <object_component id="oc-8d">
         <name>.debug_line</name>
         <load_address>0x1406</load_address>
         <run_address>0x1406</run_address>
         <size>0x92</size>
         <input_file_ref idref="fl-c"/>
      </object_component>
      <object_component id="oc-150">
         <name>.debug_line</name>
         <load_address>0x1498</load_address>
         <run_address>0x1498</run_address>
         <size>0x91</size>
         <input_file_ref idref="fl-d"/>
      </object_component>
      <object_component id="oc-26">
         <name>.debug_line</name>
         <load_address>0x1529</load_address>
         <run_address>0x1529</run_address>
         <size>0x52</size>
         <input_file_ref idref="fl-c3"/>
      </object_component>
      <object_component id="oc-f7">
         <name>.debug_line</name>
         <load_address>0x157b</load_address>
         <run_address>0x157b</run_address>
         <size>0x94</size>
         <input_file_ref idref="fl-c4"/>
      </object_component>
      <object_component id="oc-13">
         <name>.debug_line</name>
         <load_address>0x160f</load_address>
         <run_address>0x160f</run_address>
         <size>0x55</size>
         <input_file_ref idref="fl-c4"/>
      </object_component>
      <object_component id="oc-43">
         <name>.debug_line</name>
         <load_address>0x1664</load_address>
         <run_address>0x1664</run_address>
         <size>0x3a</size>
         <input_file_ref idref="fl-c4"/>
      </object_component>
      <object_component id="oc-f4">
         <name>.debug_line</name>
         <load_address>0x169e</load_address>
         <run_address>0x169e</run_address>
         <size>0x94</size>
         <input_file_ref idref="fl-c4"/>
      </object_component>
      <object_component id="oc-ff">
         <name>.debug_line</name>
         <load_address>0x1732</load_address>
         <run_address>0x1732</run_address>
         <size>0x94</size>
         <input_file_ref idref="fl-c5"/>
      </object_component>
      <object_component id="oc-48">
         <name>.debug_line</name>
         <load_address>0x17c6</load_address>
         <run_address>0x17c6</run_address>
         <size>0x98</size>
         <input_file_ref idref="fl-c5"/>
      </object_component>
      <object_component id="oc-1a">
         <name>.debug_line</name>
         <load_address>0x185e</load_address>
         <run_address>0x185e</run_address>
         <size>0x4b</size>
         <input_file_ref idref="fl-c5"/>
      </object_component>
      <object_component id="oc-51">
         <name>.debug_line</name>
         <load_address>0x18a9</load_address>
         <run_address>0x18a9</run_address>
         <size>0x39</size>
         <input_file_ref idref="fl-c5"/>
      </object_component>
      <object_component id="oc-103">
         <name>.debug_line</name>
         <load_address>0x18e2</load_address>
         <run_address>0x18e2</run_address>
         <size>0x94</size>
         <input_file_ref idref="fl-c5"/>
      </object_component>
      <object_component id="oc-17c">
         <name>.debug_line</name>
         <load_address>0x1976</load_address>
         <run_address>0x1976</run_address>
         <size>0x93</size>
         <input_file_ref idref="fl-c7"/>
      </object_component>
      <object_component id="oc-17a">
         <name>.debug_line</name>
         <load_address>0x1a09</load_address>
         <run_address>0x1a09</run_address>
         <size>0x2a</size>
         <input_file_ref idref="fl-c7"/>
      </object_component>
      <object_component id="oc-73">
         <name>.debug_line</name>
         <load_address>0x1a33</load_address>
         <run_address>0x1a33</run_address>
         <size>0x7a</size>
         <input_file_ref idref="fl-c7"/>
      </object_component>
      <object_component id="oc-3b">
         <name>.debug_line</name>
         <load_address>0x1aad</load_address>
         <run_address>0x1aad</run_address>
         <size>0x88</size>
         <input_file_ref idref="fl-c8"/>
      </object_component>
      <object_component id="oc-57">
         <name>.debug_line</name>
         <load_address>0x1b35</load_address>
         <run_address>0x1b35</run_address>
         <size>0x79</size>
         <input_file_ref idref="fl-c9"/>
      </object_component>
      <object_component id="oc-63">
         <name>.debug_line</name>
         <load_address>0x1bae</load_address>
         <run_address>0x1bae</run_address>
         <size>0x40</size>
         <input_file_ref idref="fl-ca"/>
      </object_component>
      <object_component id="oc-11d">
         <name>.debug_line</name>
         <load_address>0x1bee</load_address>
         <run_address>0x1bee</run_address>
         <size>0x33</size>
         <input_file_ref idref="fl-cb"/>
      </object_component>
      <object_component id="oc-19e">
         <name>.debug_line</name>
         <load_address>0x1c21</load_address>
         <run_address>0x1c21</run_address>
         <size>0x20</size>
         <input_file_ref idref="fl-cc"/>
      </object_component>
      <object_component id="oc-176">
         <name>.debug_line</name>
         <load_address>0x1c41</load_address>
         <run_address>0x1c41</run_address>
         <size>0x2b</size>
         <input_file_ref idref="fl-cc"/>
      </object_component>
      <object_component id="oc-173">
         <name>.debug_line</name>
         <load_address>0x1c6c</load_address>
         <run_address>0x1c6c</run_address>
         <size>0x68</size>
         <input_file_ref idref="fl-cc"/>
      </object_component>
      <object_component id="oc-169">
         <name>.debug_line</name>
         <load_address>0x1cd4</load_address>
         <run_address>0x1cd4</run_address>
         <size>0x2b</size>
         <input_file_ref idref="fl-cd"/>
      </object_component>
      <object_component id="oc-6f">
         <name>.debug_line</name>
         <load_address>0x1cff</load_address>
         <run_address>0x1cff</run_address>
         <size>0x50</size>
         <input_file_ref idref="fl-cd"/>
      </object_component>
      <object_component id="oc-16d">
         <name>.debug_line</name>
         <load_address>0x1d4f</load_address>
         <run_address>0x1d4f</run_address>
         <size>0x2b</size>
         <input_file_ref idref="fl-cd"/>
      </object_component>
      <object_component id="oc-15d">
         <name>.debug_line</name>
         <load_address>0x1d7a</load_address>
         <run_address>0x1d7a</run_address>
         <size>0xa3</size>
         <input_file_ref idref="fl-ce"/>
      </object_component>
      <object_component id="oc-69">
         <name>.debug_line</name>
         <load_address>0x1e1d</load_address>
         <run_address>0x1e1d</run_address>
         <size>0x79</size>
         <input_file_ref idref="fl-ce"/>
      </object_component>
      <object_component id="oc-161">
         <name>.debug_line</name>
         <load_address>0x1e96</load_address>
         <run_address>0x1e96</run_address>
         <size>0x2e</size>
         <input_file_ref idref="fl-ce"/>
      </object_component>
      <object_component id="oc-166">
         <name>.debug_line</name>
         <load_address>0x1ec4</load_address>
         <run_address>0x1ec4</run_address>
         <size>0x95</size>
         <input_file_ref idref="fl-ce"/>
      </object_component>
      <object_component id="oc-196">
         <name>.debug_line</name>
         <load_address>0x1f59</load_address>
         <run_address>0x1f59</run_address>
         <size>0xa2</size>
         <input_file_ref idref="fl-cf"/>
      </object_component>
      <object_component id="oc-10d">
         <name>.debug_line</name>
         <load_address>0x1ffb</load_address>
         <run_address>0x1ffb</run_address>
         <size>0x68</size>
         <input_file_ref idref="fl-cf"/>
      </object_component>
      <object_component id="oc-19a">
         <name>.debug_line</name>
         <load_address>0x2063</load_address>
         <run_address>0x2063</run_address>
         <size>0x2e</size>
         <input_file_ref idref="fl-cf"/>
      </object_component>
      <object_component id="oc-36">
         <name>.debug_frame</name>
         <load_address>0x0</load_address>
         <run_address>0x0</run_address>
         <size>0x9f</size>
         <input_file_ref idref="fl-2"/>
      </object_component>
      <object_component id="oc-30">
         <name>.debug_frame</name>
         <load_address>0x9f</load_address>
         <run_address>0x9f</run_address>
         <size>0xb2</size>
         <input_file_ref idref="fl-3"/>
      </object_component>
      <object_component id="oc-99">
         <name>.debug_frame</name>
         <load_address>0x151</load_address>
         <run_address>0x151</run_address>
         <size>0x7f</size>
         <input_file_ref idref="fl-9"/>
      </object_component>
      <object_component id="oc-136">
         <name>.debug_frame</name>
         <load_address>0x1d0</load_address>
         <run_address>0x1d0</run_address>
         <size>0x7f</size>
         <input_file_ref idref="fl-9"/>
      </object_component>
      <object_component id="oc-13c">
         <name>.debug_frame</name>
         <load_address>0x24f</load_address>
         <run_address>0x24f</run_address>
         <size>0x8f</size>
         <input_file_ref idref="fl-9"/>
      </object_component>
      <object_component id="oc-be">
         <name>.debug_frame</name>
         <load_address>0x2de</load_address>
         <run_address>0x2de</run_address>
         <size>0x86</size>
         <input_file_ref idref="fl-9"/>
      </object_component>
      <object_component id="oc-c4">
         <name>.debug_frame</name>
         <load_address>0x364</load_address>
         <run_address>0x364</run_address>
         <size>0x8a</size>
         <input_file_ref idref="fl-9"/>
      </object_component>
      <object_component id="oc-b8">
         <name>.debug_frame</name>
         <load_address>0x3ee</load_address>
         <run_address>0x3ee</run_address>
         <size>0x86</size>
         <input_file_ref idref="fl-9"/>
      </object_component>
      <object_component id="oc-d0">
         <name>.debug_frame</name>
         <load_address>0x474</load_address>
         <run_address>0x474</run_address>
         <size>0x86</size>
         <input_file_ref idref="fl-a"/>
      </object_component>
      <object_component id="oc-d6">
         <name>.debug_frame</name>
         <load_address>0x4fa</load_address>
         <run_address>0x4fa</run_address>
         <size>0x7f</size>
         <input_file_ref idref="fl-a"/>
      </object_component>
      <object_component id="oc-b2">
         <name>.debug_frame</name>
         <load_address>0x579</load_address>
         <run_address>0x579</run_address>
         <size>0x7f</size>
         <input_file_ref idref="fl-b"/>
      </object_component>
      <object_component id="oc-ac">
         <name>.debug_frame</name>
         <load_address>0x5f8</load_address>
         <run_address>0x5f8</run_address>
         <size>0x91</size>
         <input_file_ref idref="fl-b"/>
      </object_component>
      <object_component id="oc-9f">
         <name>.debug_frame</name>
         <load_address>0x689</load_address>
         <run_address>0x689</run_address>
         <size>0x8e</size>
         <input_file_ref idref="fl-b"/>
      </object_component>
      <object_component id="oc-81">
         <name>.debug_frame</name>
         <load_address>0x717</load_address>
         <run_address>0x717</run_address>
         <size>0x7f</size>
         <input_file_ref idref="fl-c"/>
      </object_component>
      <object_component id="oc-dc">
         <name>.debug_frame</name>
         <load_address>0x796</load_address>
         <run_address>0x796</run_address>
         <size>0x7f</size>
         <input_file_ref idref="fl-c"/>
      </object_component>
      <object_component id="oc-87">
         <name>.debug_frame</name>
         <load_address>0x815</load_address>
         <run_address>0x815</run_address>
         <size>0x7f</size>
         <input_file_ref idref="fl-c"/>
      </object_component>
      <object_component id="oc-146">
         <name>.debug_frame</name>
         <load_address>0x894</load_address>
         <run_address>0x894</run_address>
         <size>0x7f</size>
         <input_file_ref idref="fl-c"/>
      </object_component>
      <object_component id="oc-140">
         <name>.debug_frame</name>
         <load_address>0x913</load_address>
         <run_address>0x913</run_address>
         <size>0x7f</size>
         <input_file_ref idref="fl-c"/>
      </object_component>
      <object_component id="oc-c6">
         <name>.debug_frame</name>
         <load_address>0x992</load_address>
         <run_address>0x992</run_address>
         <size>0x8a</size>
         <input_file_ref idref="fl-c"/>
      </object_component>
      <object_component id="oc-a2">
         <name>.debug_frame</name>
         <load_address>0xa1c</load_address>
         <run_address>0xa1c</run_address>
         <size>0x7f</size>
         <input_file_ref idref="fl-c"/>
      </object_component>
      <object_component id="oc-8f">
         <name>.debug_frame</name>
         <load_address>0xa9b</load_address>
         <run_address>0xa9b</run_address>
         <size>0x7f</size>
         <input_file_ref idref="fl-c"/>
      </object_component>
      <object_component id="oc-de">
         <name>.debug_frame</name>
         <load_address>0xb1a</load_address>
         <run_address>0xb1a</run_address>
         <size>0x7f</size>
         <input_file_ref idref="fl-c"/>
      </object_component>
      <object_component id="oc-89">
         <name>.debug_frame</name>
         <load_address>0xb99</load_address>
         <run_address>0xb99</run_address>
         <size>0x7f</size>
         <input_file_ref idref="fl-c"/>
      </object_component>
      <object_component id="oc-151">
         <name>.debug_frame</name>
         <load_address>0xc18</load_address>
         <run_address>0xc18</run_address>
         <size>0x7f</size>
         <input_file_ref idref="fl-d"/>
      </object_component>
      <object_component id="oc-14">
         <name>.debug_frame</name>
         <load_address>0xc97</load_address>
         <run_address>0xc97</run_address>
         <size>0x7f</size>
         <input_file_ref idref="fl-c4"/>
      </object_component>
      <object_component id="oc-47">
         <name>.debug_frame</name>
         <load_address>0xd16</load_address>
         <run_address>0xd16</run_address>
         <size>0x8e</size>
         <input_file_ref idref="fl-c5"/>
      </object_component>
      <object_component id="oc-19">
         <name>.debug_frame</name>
         <load_address>0xda4</load_address>
         <run_address>0xda4</run_address>
         <size>0x7f</size>
         <input_file_ref idref="fl-c5"/>
      </object_component>
      <object_component id="oc-72">
         <name>.debug_frame</name>
         <load_address>0xe23</load_address>
         <run_address>0xe23</run_address>
         <size>0xb3</size>
         <input_file_ref idref="fl-c7"/>
      </object_component>
      <object_component id="oc-64">
         <name>.debug_frame</name>
         <load_address>0xed6</load_address>
         <run_address>0xed6</run_address>
         <size>0x7f</size>
         <input_file_ref idref="fl-ca"/>
      </object_component>
      <object_component id="oc-174">
         <name>.debug_frame</name>
         <load_address>0xf55</load_address>
         <run_address>0xf55</run_address>
         <size>0xa1</size>
         <input_file_ref idref="fl-cc"/>
      </object_component>
      <object_component id="oc-70">
         <name>.debug_frame</name>
         <load_address>0xff6</load_address>
         <run_address>0xff6</run_address>
         <size>0x7f</size>
         <input_file_ref idref="fl-cd"/>
      </object_component>
      <object_component id="oc-6a">
         <name>.debug_frame</name>
         <load_address>0x1075</load_address>
         <run_address>0x1075</run_address>
         <size>0x8a</size>
         <input_file_ref idref="fl-ce"/>
      </object_component>
      <object_component id="oc-10e">
         <name>.debug_frame</name>
         <load_address>0x10ff</load_address>
         <run_address>0x10ff</run_address>
         <size>0x8e</size>
         <input_file_ref idref="fl-cf"/>
      </object_component>
      <object_component id="oc-e3">
         <name>.debug_abbrev</name>
         <load_address>0x0</load_address>
         <run_address>0x0</run_address>
         <size>0x9b</size>
         <input_file_ref idref="fl-2"/>
      </object_component>
      <object_component id="oc-eb">
         <name>.debug_abbrev</name>
         <load_address>0x9b</load_address>
         <run_address>0x9b</run_address>
         <size>0x1f</size>
         <input_file_ref idref="fl-2"/>
      </object_component>
      <object_component id="oc-e6">
         <name>.debug_abbrev</name>
         <load_address>0xba</load_address>
         <run_address>0xba</run_address>
         <size>0x35</size>
         <input_file_ref idref="fl-2"/>
      </object_component>
      <object_component id="oc-ee">
         <name>.debug_abbrev</name>
         <load_address>0xef</load_address>
         <run_address>0xef</run_address>
         <size>0x68</size>
         <input_file_ref idref="fl-3"/>
      </object_component>
      <object_component id="oc-37">
         <name>.debug_abbrev</name>
         <load_address>0x157</load_address>
         <run_address>0x157</run_address>
         <size>0x29</size>
         <input_file_ref idref="fl-3"/>
      </object_component>
      <object_component id="oc-7b">
         <name>.debug_abbrev</name>
         <load_address>0x180</load_address>
         <run_address>0x180</run_address>
         <size>0x79</size>
         <input_file_ref idref="fl-3"/>
      </object_component>
      <object_component id="oc-fa">
         <name>.debug_abbrev</name>
         <load_address>0x1f9</load_address>
         <run_address>0x1f9</run_address>
         <size>0x1f</size>
         <input_file_ref idref="fl-3"/>
      </object_component>
      <object_component id="oc-17f">
         <name>.debug_abbrev</name>
         <load_address>0x218</load_address>
         <run_address>0x218</run_address>
         <size>0x72</size>
         <input_file_ref idref="fl-9"/>
      </object_component>
      <object_component id="oc-18a">
         <name>.debug_abbrev</name>
         <load_address>0x28a</load_address>
         <run_address>0x28a</run_address>
         <size>0x27</size>
         <input_file_ref idref="fl-9"/>
      </object_component>
      <object_component id="oc-123">
         <name>.debug_abbrev</name>
         <load_address>0x2b1</load_address>
         <run_address>0x2b1</run_address>
         <size>0x6c</size>
         <input_file_ref idref="fl-9"/>
      </object_component>
      <object_component id="oc-18c">
         <name>.debug_abbrev</name>
         <load_address>0x31d</load_address>
         <run_address>0x31d</run_address>
         <size>0x6c</size>
         <input_file_ref idref="fl-9"/>
      </object_component>
      <object_component id="oc-18d">
         <name>.debug_abbrev</name>
         <load_address>0x389</load_address>
         <run_address>0x389</run_address>
         <size>0x6c</size>
         <input_file_ref idref="fl-9"/>
      </object_component>
      <object_component id="oc-13d">
         <name>.debug_abbrev</name>
         <load_address>0x3f5</load_address>
         <run_address>0x3f5</run_address>
         <size>0x7a</size>
         <input_file_ref idref="fl-9"/>
      </object_component>
      <object_component id="oc-13e">
         <name>.debug_abbrev</name>
         <load_address>0x46f</load_address>
         <run_address>0x46f</run_address>
         <size>0x7a</size>
         <input_file_ref idref="fl-9"/>
      </object_component>
      <object_component id="oc-130">
         <name>.debug_abbrev</name>
         <load_address>0x4e9</load_address>
         <run_address>0x4e9</run_address>
         <size>0x6c</size>
         <input_file_ref idref="fl-9"/>
      </object_component>
      <object_component id="oc-193">
         <name>.debug_abbrev</name>
         <load_address>0x555</load_address>
         <run_address>0x555</run_address>
         <size>0x8e</size>
         <input_file_ref idref="fl-a"/>
      </object_component>
      <object_component id="oc-191">
         <name>.debug_abbrev</name>
         <load_address>0x5e3</load_address>
         <run_address>0x5e3</run_address>
         <size>0x27</size>
         <input_file_ref idref="fl-a"/>
      </object_component>
      <object_component id="oc-152">
         <name>.debug_abbrev</name>
         <load_address>0x60a</load_address>
         <run_address>0x60a</run_address>
         <size>0x60</size>
         <input_file_ref idref="fl-a"/>
      </object_component>
      <object_component id="oc-156">
         <name>.debug_abbrev</name>
         <load_address>0x66a</load_address>
         <run_address>0x66a</run_address>
         <size>0x6c</size>
         <input_file_ref idref="fl-a"/>
      </object_component>
      <object_component id="oc-183">
         <name>.debug_abbrev</name>
         <load_address>0x6d6</load_address>
         <run_address>0x6d6</run_address>
         <size>0xb0</size>
         <input_file_ref idref="fl-b"/>
      </object_component>
      <object_component id="oc-181">
         <name>.debug_abbrev</name>
         <load_address>0x786</load_address>
         <run_address>0x786</run_address>
         <size>0x27</size>
         <input_file_ref idref="fl-b"/>
      </object_component>
      <object_component id="oc-12c">
         <name>.debug_abbrev</name>
         <load_address>0x7ad</load_address>
         <run_address>0x7ad</run_address>
         <size>0x6c</size>
         <input_file_ref idref="fl-b"/>
      </object_component>
      <object_component id="oc-12a">
         <name>.debug_abbrev</name>
         <load_address>0x819</load_address>
         <run_address>0x819</run_address>
         <size>0x7a</size>
         <input_file_ref idref="fl-b"/>
      </object_component>
      <object_component id="oc-128">
         <name>.debug_abbrev</name>
         <load_address>0x893</load_address>
         <run_address>0x893</run_address>
         <size>0x60</size>
         <input_file_ref idref="fl-b"/>
      </object_component>
      <object_component id="oc-187">
         <name>.debug_abbrev</name>
         <load_address>0x8f3</load_address>
         <run_address>0x8f3</run_address>
         <size>0x49</size>
         <input_file_ref idref="fl-b"/>
      </object_component>
      <object_component id="oc-17d">
         <name>.debug_abbrev</name>
         <load_address>0x93c</load_address>
         <run_address>0x93c</run_address>
         <size>0x72</size>
         <input_file_ref idref="fl-c"/>
      </object_component>
      <object_component id="oc-11e">
         <name>.debug_abbrev</name>
         <load_address>0x9ae</load_address>
         <run_address>0x9ae</run_address>
         <size>0x6e</size>
         <input_file_ref idref="fl-c"/>
      </object_component>
      <object_component id="oc-158">
         <name>.debug_abbrev</name>
         <load_address>0xa1c</load_address>
         <run_address>0xa1c</run_address>
         <size>0x6c</size>
         <input_file_ref idref="fl-c"/>
      </object_component>
      <object_component id="oc-120">
         <name>.debug_abbrev</name>
         <load_address>0xa88</load_address>
         <run_address>0xa88</run_address>
         <size>0x6c</size>
         <input_file_ref idref="fl-c"/>
      </object_component>
      <object_component id="oc-18f">
         <name>.debug_abbrev</name>
         <load_address>0xaf4</load_address>
         <run_address>0xaf4</run_address>
         <size>0x6c</size>
         <input_file_ref idref="fl-c"/>
      </object_component>
      <object_component id="oc-18e">
         <name>.debug_abbrev</name>
         <load_address>0xb60</load_address>
         <run_address>0xb60</run_address>
         <size>0x6c</size>
         <input_file_ref idref="fl-c"/>
      </object_component>
      <object_component id="oc-14b">
         <name>.debug_abbrev</name>
         <load_address>0xbcc</load_address>
         <run_address>0xbcc</run_address>
         <size>0x7a</size>
         <input_file_ref idref="fl-c"/>
      </object_component>
      <object_component id="oc-129">
         <name>.debug_abbrev</name>
         <load_address>0xc46</load_address>
         <run_address>0xc46</run_address>
         <size>0x6e</size>
         <input_file_ref idref="fl-c"/>
      </object_component>
      <object_component id="oc-122">
         <name>.debug_abbrev</name>
         <load_address>0xcb4</load_address>
         <run_address>0xcb4</run_address>
         <size>0x6e</size>
         <input_file_ref idref="fl-c"/>
      </object_component>
      <object_component id="oc-159">
         <name>.debug_abbrev</name>
         <load_address>0xd22</load_address>
         <run_address>0xd22</run_address>
         <size>0x6c</size>
         <input_file_ref idref="fl-c"/>
      </object_component>
      <object_component id="oc-121">
         <name>.debug_abbrev</name>
         <load_address>0xd8e</load_address>
         <run_address>0xd8e</run_address>
         <size>0x6e</size>
         <input_file_ref idref="fl-c"/>
      </object_component>
      <object_component id="oc-190">
         <name>.debug_abbrev</name>
         <load_address>0xdfc</load_address>
         <run_address>0xdfc</run_address>
         <size>0x52</size>
         <input_file_ref idref="fl-d"/>
      </object_component>
      <object_component id="oc-7a">
         <name>.debug_abbrev</name>
         <load_address>0xe4e</load_address>
         <run_address>0xe4e</run_address>
         <size>0x3e</size>
         <input_file_ref idref="fl-c3"/>
      </object_component>
      <object_component id="oc-f6">
         <name>.debug_abbrev</name>
         <load_address>0xe8c</load_address>
         <run_address>0xe8c</run_address>
         <size>0x52</size>
         <input_file_ref idref="fl-c4"/>
      </object_component>
      <object_component id="oc-3f">
         <name>.debug_abbrev</name>
         <load_address>0xede</load_address>
         <run_address>0xede</run_address>
         <size>0x74</size>
         <input_file_ref idref="fl-c4"/>
      </object_component>
      <object_component id="oc-42">
         <name>.debug_abbrev</name>
         <load_address>0xf52</load_address>
         <run_address>0xf52</run_address>
         <size>0x24</size>
         <input_file_ref idref="fl-c4"/>
      </object_component>
      <object_component id="oc-f3">
         <name>.debug_abbrev</name>
         <load_address>0xf76</load_address>
         <run_address>0xf76</run_address>
         <size>0x24</size>
         <input_file_ref idref="fl-c4"/>
      </object_component>
      <object_component id="oc-fe">
         <name>.debug_abbrev</name>
         <load_address>0xf9a</load_address>
         <run_address>0xf9a</run_address>
         <size>0x52</size>
         <input_file_ref idref="fl-c5"/>
      </object_component>
      <object_component id="oc-fd">
         <name>.debug_abbrev</name>
         <load_address>0xfec</load_address>
         <run_address>0xfec</run_address>
         <size>0x7b</size>
         <input_file_ref idref="fl-c5"/>
      </object_component>
      <object_component id="oc-4c">
         <name>.debug_abbrev</name>
         <load_address>0x1067</load_address>
         <run_address>0x1067</run_address>
         <size>0x66</size>
         <input_file_ref idref="fl-c5"/>
      </object_component>
      <object_component id="oc-50">
         <name>.debug_abbrev</name>
         <load_address>0x10cd</load_address>
         <run_address>0x10cd</run_address>
         <size>0x24</size>
         <input_file_ref idref="fl-c5"/>
      </object_component>
      <object_component id="oc-102">
         <name>.debug_abbrev</name>
         <load_address>0x10f1</load_address>
         <run_address>0x10f1</run_address>
         <size>0x24</size>
         <input_file_ref idref="fl-c5"/>
      </object_component>
      <object_component id="oc-17b">
         <name>.debug_abbrev</name>
         <load_address>0x1115</load_address>
         <run_address>0x1115</run_address>
         <size>0x6b</size>
         <input_file_ref idref="fl-c7"/>
      </object_component>
      <object_component id="oc-179">
         <name>.debug_abbrev</name>
         <load_address>0x1180</load_address>
         <run_address>0x1180</run_address>
         <size>0x29</size>
         <input_file_ref idref="fl-c7"/>
      </object_component>
      <object_component id="oc-119">
         <name>.debug_abbrev</name>
         <load_address>0x11a9</load_address>
         <run_address>0x11a9</run_address>
         <size>0xba</size>
         <input_file_ref idref="fl-c7"/>
      </object_component>
      <object_component id="oc-f0">
         <name>.debug_abbrev</name>
         <load_address>0x1263</load_address>
         <run_address>0x1263</run_address>
         <size>0x3e</size>
         <input_file_ref idref="fl-c8"/>
      </object_component>
      <object_component id="oc-105">
         <name>.debug_abbrev</name>
         <load_address>0x12a1</load_address>
         <run_address>0x12a1</run_address>
         <size>0x4f</size>
         <input_file_ref idref="fl-c9"/>
      </object_component>
      <object_component id="oc-108">
         <name>.debug_abbrev</name>
         <load_address>0x12f0</load_address>
         <run_address>0x12f0</run_address>
         <size>0x55</size>
         <input_file_ref idref="fl-ca"/>
      </object_component>
      <object_component id="oc-11c">
         <name>.debug_abbrev</name>
         <load_address>0x1345</load_address>
         <run_address>0x1345</run_address>
         <size>0x27</size>
         <input_file_ref idref="fl-cb"/>
      </object_component>
      <object_component id="oc-19d">
         <name>.debug_abbrev</name>
         <load_address>0x136c</load_address>
         <run_address>0x136c</run_address>
         <size>0x45</size>
         <input_file_ref idref="fl-cc"/>
      </object_component>
      <object_component id="oc-175">
         <name>.debug_abbrev</name>
         <load_address>0x13b1</load_address>
         <run_address>0x13b1</run_address>
         <size>0x29</size>
         <input_file_ref idref="fl-cc"/>
      </object_component>
      <object_component id="oc-19c">
         <name>.debug_abbrev</name>
         <load_address>0x13da</load_address>
         <run_address>0x13da</run_address>
         <size>0x6f</size>
         <input_file_ref idref="fl-cc"/>
      </object_component>
      <object_component id="oc-168">
         <name>.debug_abbrev</name>
         <load_address>0x1449</load_address>
         <run_address>0x1449</run_address>
         <size>0x8e</size>
         <input_file_ref idref="fl-cd"/>
      </object_component>
      <object_component id="oc-111">
         <name>.debug_abbrev</name>
         <load_address>0x14d7</load_address>
         <run_address>0x14d7</run_address>
         <size>0x68</size>
         <input_file_ref idref="fl-cd"/>
      </object_component>
      <object_component id="oc-16c">
         <name>.debug_abbrev</name>
         <load_address>0x153f</load_address>
         <run_address>0x153f</run_address>
         <size>0x49</size>
         <input_file_ref idref="fl-cd"/>
      </object_component>
      <object_component id="oc-15c">
         <name>.debug_abbrev</name>
         <load_address>0x1588</load_address>
         <run_address>0x1588</run_address>
         <size>0x9a</size>
         <input_file_ref idref="fl-ce"/>
      </object_component>
      <object_component id="oc-10f">
         <name>.debug_abbrev</name>
         <load_address>0x1622</load_address>
         <run_address>0x1622</run_address>
         <size>0x7e</size>
         <input_file_ref idref="fl-ce"/>
      </object_component>
      <object_component id="oc-160">
         <name>.debug_abbrev</name>
         <load_address>0x16a0</load_address>
         <run_address>0x16a0</run_address>
         <size>0x24</size>
         <input_file_ref idref="fl-ce"/>
      </object_component>
      <object_component id="oc-165">
         <name>.debug_abbrev</name>
         <load_address>0x16c4</load_address>
         <run_address>0x16c4</run_address>
         <size>0x4b</size>
         <input_file_ref idref="fl-ce"/>
      </object_component>
      <object_component id="oc-195">
         <name>.debug_abbrev</name>
         <load_address>0x170f</load_address>
         <run_address>0x170f</run_address>
         <size>0x9c</size>
         <input_file_ref idref="fl-cf"/>
      </object_component>
      <object_component id="oc-15a">
         <name>.debug_abbrev</name>
         <load_address>0x17ab</load_address>
         <run_address>0x17ab</run_address>
         <size>0x8c</size>
         <input_file_ref idref="fl-cf"/>
      </object_component>
      <object_component id="oc-199">
         <name>.debug_abbrev</name>
         <load_address>0x1837</load_address>
         <run_address>0x1837</run_address>
         <size>0x24</size>
         <input_file_ref idref="fl-cf"/>
      </object_component>
      <object_component id="oc-1c5">
         <name>.debug_abbrev</name>
         <load_address>0x185b</load_address>
         <run_address>0x185b</run_address>
         <size>0xf</size>
      </object_component>
      <object_component id="oc-ed">
         <name>.debug_str</name>
         <load_address>0x0</load_address>
         <run_address>0x0</run_address>
         <size>0xfa</size>
         <input_file_ref idref="fl-2"/>
      </object_component>
      <object_component id="oc-e8">
         <name>.debug_str</name>
         <load_address>0xfa</load_address>
         <run_address>0xfa</run_address>
         <size>0x21e</size>
         <input_file_ref idref="fl-2"/>
      </object_component>
      <object_component id="oc-fc">
         <name>.debug_str</name>
         <load_address>0x318</load_address>
         <run_address>0x318</run_address>
         <size>0xfa</size>
         <input_file_ref idref="fl-3"/>
      </object_component>
      <object_component id="oc-189">
         <name>.debug_str</name>
         <load_address>0x412</load_address>
         <run_address>0x412</run_address>
         <size>0x141</size>
         <input_file_ref idref="fl-b"/>
      </object_component>
      <object_component id="oc-44">
         <name>.debug_str</name>
         <load_address>0x553</load_address>
[...]
            <object_component_ref idref="oc-bb"/>
            <object_component_ref idref="oc-c1"/>
            <object_component_ref idref="oc-b5"/>
            <object_component_ref idref="oc-cd"/>
            <object_component_ref idref="oc-d3"/>
            <object_component_ref idref="oc-af"/>
            <object_component_ref idref="oc-a9"/>
            <object_component_ref idref="oc-9c"/>
            <object_component_ref idref="oc-7e"/>
            <object_component_ref idref="oc-d9"/>
            <object_component_ref idref="oc-84"/>
            <object_component_ref idref="oc-148"/>
            <object_component_ref idref="oc-142"/>
            <object_component_ref idref="oc-c8"/>
            <object_component_ref idref="oc-a4"/>
            <object_component_ref idref="oc-91"/>
            <object_component_ref idref="oc-e0"/>
            <object_component_ref idref="oc-8b"/>
            <object_component_ref idref="oc-14e"/>
            <object_component_ref idref="oc-25"/>
            <object_component_ref idref="oc-15"/>
            <object_component_ref idref="oc-4a"/>
            <object_component_ref idref="oc-1c"/>
            <object_component_ref idref="oc-75"/>
            <object_component_ref idref="oc-3d"/>
            <object_component_ref idref="oc-55"/>
            <object_component_ref idref="oc-61"/>
            <object_component_ref idref="oc-171"/>
            <object_component_ref idref="oc-6d"/>
            <object_component_ref idref="oc-67"/>
            <object_component_ref idref="oc-10b"/>
         </contents>
      </logical_group>
      <logical_group id="lg-1bc" display="never" color="cyan">
         <name>.debug_pubnames</name>
         <load_address>0x0</load_address>
         <run_address>0x0</run_address>
         <size>0x720</size>
         <contents>
            <object_component_ref idref="oc-34"/>
            <object_component_ref idref="oc-11"/>
            <object_component_ref idref="oc-2e"/>
            <object_component_ref idref="oc-12f"/>
            <object_component_ref idref="oc-97"/>
            <object_component_ref idref="oc-134"/>
            <object_component_ref idref="oc-13a"/>
            <object_component_ref idref="oc-bc"/>
            <object_component_ref idref="oc-c2"/>
            <object_component_ref idref="oc-b6"/>
            <object_component_ref idref="oc-155"/>
            <object_component_ref idref="oc-ce"/>
            <object_component_ref idref="oc-d4"/>
            <object_component_ref idref="oc-127"/>
            <object_component_ref idref="oc-b0"/>
            <object_component_ref idref="oc-aa"/>
            <object_component_ref idref="oc-9d"/>
            <object_component_ref idref="oc-7f"/>
            <object_component_ref idref="oc-da"/>
            <object_component_ref idref="oc-85"/>
            <object_component_ref idref="oc-149"/>
            <object_component_ref idref="oc-143"/>
            <object_component_ref idref="oc-c9"/>
            <object_component_ref idref="oc-a5"/>
            <object_component_ref idref="oc-92"/>
            <object_component_ref idref="oc-e1"/>
            <object_component_ref idref="oc-8c"/>
            <object_component_ref idref="oc-14f"/>
            <object_component_ref idref="oc-28"/>
            <object_component_ref idref="oc-17"/>
            <object_component_ref idref="oc-4b"/>
            <object_component_ref idref="oc-1d"/>
            <object_component_ref idref="oc-118"/>
            <object_component_ref idref="oc-76"/>
            <object_component_ref idref="oc-3e"/>
            <object_component_ref idref="oc-56"/>
            <object_component_ref idref="oc-62"/>
            <object_component_ref idref="oc-79"/>
            <object_component_ref idref="oc-115"/>
            <object_component_ref idref="oc-172"/>
            <object_component_ref idref="oc-6e"/>
            <object_component_ref idref="oc-68"/>
            <object_component_ref idref="oc-10c"/>
         </contents>
      </logical_group>
      <logical_group id="lg-1be" display="never" color="cyan">
         <name>.debug_pubtypes</name>
         <load_address>0x0</load_address>
         <run_address>0x0</run_address>
         <size>0x591</size>
         <contents>
            <object_component_ref idref="oc-ea"/>
            <object_component_ref idref="oc-e5"/>
            <object_component_ref idref="oc-f9"/>
            <object_component_ref idref="oc-186"/>
            <object_component_ref idref="oc-41"/>
            <object_component_ref idref="oc-f2"/>
            <object_component_ref idref="oc-4f"/>
            <object_component_ref idref="oc-101"/>
            <object_component_ref idref="oc-11b"/>
            <object_component_ref idref="oc-178"/>
            <object_component_ref idref="oc-16b"/>
            <object_component_ref idref="oc-15f"/>
            <object_component_ref idref="oc-164"/>
            <object_component_ref idref="oc-198"/>
         </contents>
      </logical_group>
      <load_segment id="lg-1cb" display="no" color="cyan">
         <name>SEGMENT_0</name>
         <load_address>0x0</load_address>
         <run_address>0x0</run_address>
         <size>0xd90</size>
         <flags>0x5</flags>
         <contents>
            <logical_group_ref idref="lg-3"/>
            <logical_group_ref idref="lg-4"/>
            <logical_group_ref idref="lg-5"/>
            <logical_group_ref idref="lg-6"/>
         </contents>
      </load_segment>
      <load_segment id="lg-1cc" display="no" color="cyan">
         <name>SEGMENT_1</name>
         <run_address>0x20000000</run_address>
         <size>0x214</size>
         <flags>0x6</flags>
         <contents>
            <logical_group_ref idref="lg-d"/>
            <logical_group_ref idref="lg-a"/>
         </contents>
      </load_segment>
   </logical_group_list>
   <placement_map>
      <memory_area display="yes" color="green">
         <name>FLASH</name>
         <page_id>0x0</page_id>
         <origin>0x0</origin>
         <length>0x40000</length>
         <used_space>0xd8e</used_space>
         <unused_space>0x3f272</unused_space>
         <attributes>RX</attributes>
         <usage_details>
            <allocated_space>
               <start_address>0x0</start_address>
               <size>0x26c</size>
               <logical_group_ref idref="lg-3"/>
            </allocated_space>
            <allocated_space>
               <start_address>0x26c</start_address>
               <size>0x996</size>
               <logical_group_ref idref="lg-4"/>
            </allocated_space>
            <available_space>
               <start_address>0xc02</start_address>
               <size>0x2</size>
            </available_space>
            <allocated_space>
               <start_address>0xc04</start_address>
               <size>0x16c</size>
               <logical_group_ref idref="lg-5"/>
            </allocated_space>
            <allocated_space>
               <start_address>0xd70</start_address>
               <size>0x20</size>
               <logical_group_ref idref="lg-6"/>
            </allocated_space>
            <available_space>
               <start_address>0xd90</start_address>
               <size>0x3f270</size>
            </available_space>
         </usage_details>
      </memory_area>
      <memory_area display="yes" color="green">
         <name>SRAM</name>
         <page_id>0x0</page_id>
         <origin>0x20000000</origin>
         <length>0x8000</length>
         <used_space>0x214</used_space>
         <unused_space>0x7dec</unused_space>
         <attributes>RWX</attributes>
         <usage_details>
            <allocated_space>
               <start_address>0x20000000</start_address>
               <size>0x200</size>
               <logical_group_ref idref="lg-d"/>
            </allocated_space>
            <allocated_space>
               <start_address>0x20000200</start_address>
               <size>0x14</size>
               <logical_group_ref idref="lg-1a1"/>
            </allocated_space>
            <available_space>
               <start_address>0x20000214</start_address>
               <size>0x7dec</size>
            </available_space>
         </usage_details>
      </memory_area>
   </placement_map>
   <cptbl_list>
      <cptbl>
         <name>__TI_cinit_table</name>
         <cprec>
            <name>.data</name>
            <load_address>0xd70</load_address>
            <load_size>0xf</load_size>
            <run_address>0x20000200</run_address>
            <run_size>0x14</run_size>
            <compression>rle</compression>
         </cprec>
      </cptbl>
   </cptbl_list>
   <handler_table>
      <handler_table_name>__TI_handler_table</handler_table_name>
      <handler>
         <index>0x0</index>
         <name>__TI_decompress_rle24</name>
      </handler>
      <handler>
         <index>0x1</index>
         <name>__TI_decompress_none</name>
      </handler>
   </handler_table>
   <symbol_table>
      <symbol id="sm-1">
         <name>__STACK_TOP</name>
         <value>0x20000200</value>
      </symbol>
      <symbol id="sm-2">
         <name>__TI_CINIT_Base</name>
         <value>0xd88</value>
      </symbol>
      <symbol id="sm-3">
         <name>__TI_CINIT_Limit</name>
         <value>0xd90</value>
      </symbol>
      <symbol id="sm-4">
         <name>__TI_Handler_Table_Base</name>
         <value>0xd80</value>
      </symbol>
      <symbol id="sm-5">
         <name>__TI_Handler_Table_Limit</name>
         <value>0xd88</value>
      </symbol>
      <symbol id="sm-6">
         <name>binit</name>
         <value>0xffffffff</value>
      </symbol>
      <symbol id="sm-7">
         <name>__binit__</name>
         <value>0xffffffff</value>
      </symbol>
      <symbol id="sm-8">
         <name>__STACK_SIZE</name>
         <value>0x200</value>
      </symbol>
      <symbol id="sm-9">
         <name>__STACK_END</name>
         <value>0x20000200</value>
      </symbol>
      <symbol id="sm-a">
         <name>__c_args__</name>
         <value>0xffffffff</value>
      </symbol>
      <symbol id="sm-3e">
         <name>UARTIntHandler</name>
         <value>0x39d</value>
         <object_component_ref idref="oc-31"/>
      </symbol>
      <symbol id="sm-3f">
         <name>main</name>
         <value>0x3f1</value>
         <object_component_ref idref="oc-31"/>
      </symbol>
      <symbol id="sm-60">
         <name>ResetISR</name>
         <value>0xbc1</value>
         <object_component_ref idref="oc-2b"/>
      </symbol>
      <symbol id="sm-61">
         <name>g_pfnVectors</name>
         <value>0x0</value>
         <object_component_ref idref="oc-f"/>
      </symbol>
      <symbol id="sm-a3">
         <name>GPIOPinConfigure</name>
         <value>0x9b9</value>
         <object_component_ref idref="oc-b3"/>
      </symbol>
      <symbol id="sm-a4">
         <name>GPIOPinTypeUART</name>
         <value>0xb5d</value>
         <object_component_ref idref="oc-b9"/>
      </symbol>
      <symbol id="sm-a5">
         <name>GPIOPinTypeGPIOOutput</name>
         <value>0xb05</value>
         <object_component_ref idref="oc-bf"/>
      </symbol>
      <symbol id="sm-a6">
         <name>GPIODirModeSet</name>
         <value>0xabd</value>
         <object_component_ref idref="oc-131"/>
      </symbol>
      <symbol id="sm-a7">
         <name>GPIOPinWrite</name>
         <value>0xbe9</value>
         <object_component_ref idref="oc-94"/>
      </symbol>
      <symbol id="sm-a8">
         <name>GPIOPadConfigSet</name>
         <value>0x26d</value>
         <object_component_ref idref="oc-137"/>
      </symbol>
      <symbol id="sm-d8">
         <name>IntEnable</name>
         <value>0x8b5</value>
         <object_component_ref idref="oc-d1"/>
      </symbol>
      <symbol id="sm-d9">
         <name>IntMasterEnable</name>
         <value>0xb6f</value>
         <object_component_ref idref="oc-cb"/>
      </symbol>
      <symbol id="sm-12a">
         <name>SysCtlClockSet</name>
         <value>0x5d5</value>
         <object_component_ref idref="oc-a7"/>
      </symbol>
      <symbol id="sm-12b">
         <name>SysCtlDelay</name>
         <value>0xbef</value>
         <object_component_ref idref="oc-a0"/>
      </symbol>
      <symbol id="sm-12c">
         <name>SysCtlPeripheralEnable</name>
         <value>0xa89</value>
         <object_component_ref idref="oc-ad"/>
      </symbol>
      <symbol id="sm-12d">
         <name>SysCtlClockGet</name>
         <value>0x4c9</value>
         <object_component_ref idref="oc-9a"/>
      </symbol>
      <symbol id="sm-187">
         <name>UARTCharPutNonBlocking</name>
         <value>0xb8d</value>
         <object_component_ref idref="oc-8e"/>
      </symbol>
      <symbol id="sm-188">
         <name>UARTConfigSetExpClk</name>
         <value>0xa45</value>
         <object_component_ref idref="oc-c5"/>
      </symbol>
      <symbol id="sm-189">
         <name>UARTDisable</name>
         <value>0xae9</value>
         <object_component_ref idref="oc-13f"/>
      </symbol>
      <symbol id="sm-18a">
         <name>UARTIntEnable</name>
         <value>0xbe1</value>
         <object_component_ref idref="oc-d7"/>
      </symbol>
      <symbol id="sm-18b">
         <name>UARTCharsAvail</name>
         <value>0xbb5</value>
         <object_component_ref idref="oc-a1"/>
      </symbol>
      <symbol id="sm-18c">
         <name>UARTCharGetNonBlocking</name>
         <value>0xb7f</value>
         <object_component_ref idref="oc-88"/>
      </symbol>
      <symbol id="sm-18d">
         <name>UARTCharPut</name>
         <value>0xbcd</value>
         <object_component_ref idref="oc-dd"/>
      </symbol>
      <symbol id="sm-18e">
         <name>UARTEnable</name>
         <value>0xb35</value>
         <object_component_ref idref="oc-145"/>
      </symbol>
      <symbol id="sm-18f">
         <name>UARTIntClear</name>
         <value>0xbfb</value>
         <object_component_ref idref="oc-82"/>
      </symbol>
      <symbol id="sm-190">
         <name>UARTIntStatus</name>
         <value>0xbd7</value>
         <object_component_ref idref="oc-7c"/>
      </symbol>
      <symbol id="sm-19a">
         <name>CPUcpsie</name>
         <value>0xba9</value>
         <object_component_ref idref="oc-14c"/>
      </symbol>
      <symbol id="sm-1ab">
         <name>_c_int00</name>
         <value>0x91d</value>
         <object_component_ref idref="oc-24"/>
      </symbol>
      <symbol id="sm-1ac">
         <name>__stack</name>
         <value>0x20000000</value>
         <object_component_ref idref="oc-2a"/>
      </symbol>
      <symbol id="sm-1c3">
         <name>__TI_decompress_none</name>
         <value>0xb9b</value>
         <object_component_ref idref="oc-12"/>
      </symbol>
      <symbol id="sm-1eb">
         <name>__TI_decompress_rle24</name>
         <value>0xbf5</value>
         <object_component_ref idref="oc-18"/>
      </symbol>
      <symbol id="sm-20b">
         <name>C$$EXIT</name>
         <value>0xa01</value>
         <object_component_ref idref="oc-71"/>
      </symbol>
      <symbol id="sm-20c">
         <name>abort</name>
         <value>0xa05</value>
         <object_component_ref idref="oc-71"/>
      </symbol>
      <symbol id="sm-20d">
         <name>exit</name>
         <value>0xa0d</value>
         <object_component_ref idref="oc-71"/>
      </symbol>
      <symbol id="sm-20e">
         <name>__TI_dtors_ptr</name>
         <value>0x2000020c</value>
         <object_component_ref idref="oc-116"/>
      </symbol>
      <symbol id="sm-20f">
         <name>__TI_cleanup_ptr</name>
         <value>0x20000208</value>
         <object_component_ref idref="oc-116"/>
      </symbol>
      <symbol id="sm-22a">
         <name>memcpy</name>
         <value>0x6c5</value>
         <object_component_ref idref="oc-3a"/>
      </symbol>
      <symbol id="sm-22b">
         <name>__aeabi_memcpy</name>
         <value>0x6c5</value>
         <object_component_ref idref="oc-3a"/>
      </symbol>
      <symbol id="sm-22c">
         <name>__aeabi_memcpy8</name>
         <value>0x6c5</value>
         <object_component_ref idref="oc-3a"/>
      </symbol>
      <symbol id="sm-22d">
         <name>__aeabi_memcpy4</name>
         <value>0x6c5</value>
         <object_component_ref idref="oc-3a"/>
      </symbol>
      <symbol id="sm-23c">
         <name>__aeabi_memset</name>
         <value>0x763</value>
         <object_component_ref idref="oc-53"/>
      </symbol>
      <symbol id="sm-23d">
         <name>memset</name>
         <value>0x769</value>
         <object_component_ref idref="oc-53"/>
      </symbol>
      <symbol id="sm-23e">
         <name>__aeabi_memset8</name>
         <value>0x763</value>
         <object_component_ref idref="oc-53"/>
      </symbol>
      <symbol id="sm-23f">
         <name>__aeabi_memset4</name>
         <value>0x763</value>
         <object_component_ref idref="oc-53"/>
      </symbol>
      <symbol id="sm-240">
         <name>__aeabi_memclr8</name>
         <value>0x761</value>
         <object_component_ref idref="oc-53"/>
      </symbol>
      <symbol id="sm-241">
         <name>__aeabi_memclr4</name>
         <value>0x761</value>
         <object_component_ref idref="oc-53"/>
      </symbol>
      <symbol id="sm-242">
         <name>__aeabi_memclr</name>
         <value>0x761</value>
         <object_component_ref idref="oc-53"/>
      </symbol>
      <symbol id="sm-24c">
         <name>_system_pre_init</name>
         <value>0xbff</value>
         <object_component_ref idref="oc-5f"/>
      </symbol>
      <symbol id="sm-254">
         <name>main_func_sp</name>
         <value>0x20000210</value>
         <object_component_ref idref="oc-77"/>
      </symbol>
      <symbol id="sm-26d">
         <name>_nop</name>
         <value>0xb57</value>
         <object_component_ref idref="oc-16f"/>
      </symbol>
      <symbol id="sm-26e">
         <name>_lock</name>
         <value>0x20000200</value>
         <object_component_ref idref="oc-113"/>
      </symbol>
      <symbol id="sm-26f">
         <name>_unlock</name>
         <value>0x20000204</value>
         <object_component_ref idref="oc-113"/>
      </symbol>
      <symbol id="sm-270">
         <name>_register_lock</name>
         <value>0xb4f</value>
         <object_component_ref idref="oc-16f"/>
      </symbol>
      <symbol id="sm-271">
         <name>_register_unlock</name>
         <value>0xb49</value>
         <object_component_ref idref="oc-16f"/>
      </symbol>
      <symbol id="sm-285">
         <name>_args_main</name>
         <value>0xb1d</value>
         <object_component_ref idref="oc-6b"/>
      </symbol>
      <symbol id="sm-2aa">
         <name>__TI_auto_init</name>
         <value>0x7dd</value>
         <object_component_ref idref="oc-65"/>
      </symbol>
      <symbol id="sm-2c4">
         <name>copy_in</name>
         <value>0x96d</value>
         <object_component_ref idref="oc-109"/>
      </symbol>
      <symbol id="sm-2c5">
         <name>__TI_static_base__</name>
         <value>0x0</value>
      </symbol>
      <symbol id="sm-2c8">
         <name>SHT$$INIT_ARRAY$$Limit</name>
         <value>0x0</value>
      </symbol>
      <symbol id="sm-2c9">
         <name>SHT$$INIT_ARRAY$$Base</name>
         <value>0x0</value>
      </symbol>
   </symbol_table>
   <title>Link successful</title>
</link_info>
